Microchip MPLAB XC8 Compiler V1.33 ()

Linker command line:

--edf=/Applications/microchip/xc8/v1.33/dat/en_msgs.txt -cs \
  -h+dist/default/production/demo.X.production.sym \
  --cmf=dist/default/production/demo.X.production.cmf -z -Q18F45K20 \
  -o/tmp/cgtGZcdAc -Mdist/default/production/demo.X.production.map -E1 \
  -ver=XC8 -ASTACK=060h-05ffh -pstack=STACK -ACODE=00h-07FFFh \
  -ACONST=00h-07FFFh -ASMALLCONST=0600h-06FFhx122 \
  -AMEDIUMCONST=0600h-07FFFh -ACOMRAM=01h-05Fh -AABS1=00h-05FFh \
  -ABIGRAM=01h-05FFh -ARAM=060h-0FFh,0100h-01FFhx5 -ABANK0=060h-0FFh \
  -ABANK1=0100h-01FFh -ABANK2=0200h-02FFh -ABANK3=0300h-03FFh \
  -ABANK4=0400h-04FFh -ABANK5=0500h-05FFh -ASFR=0F60h-0FFFh \
  -preset_vec=00h,intcode,intcodelo,powerup,init,end_init -pramtop=0600h \
  -psmallconst=SMALLCONST -pmediumconst=MEDIUMCONST -pconst=CONST \
  -AFARRAM=00h-00h -ACONFIG=0300000h-030000Dh -pconfig=CONFIG \
  -AIDLOC=0200000h-0200007h -pidloc=IDLOC -AEEDATA=0F00000h-0F000FFh \
  -peeprom_data=EEDATA \
  -prdata=COMRAM,nvrram=COMRAM,nvbit=COMRAM,rbss=COMRAM,rbit=COMRAM \
  -pfarbss=FARRAM,fardata=FARRAM,nvFARRAM=FARRAM \
  -pintsave_regs=BIGRAM,bigbss=BIGRAM,bigdata=BIGRAM -pbss=RAM \
  -pidata=CODE,irdata=CODE,ibigdata=CODE,ifardata=CODE /tmp/cgtry0fF3.obj \
  dist/default/production/demo.X.production.obj 

Object code version is 3.11

Machine type is 18F45K20

Call graph: (short form)




                Name                               Link     Load   Length Selector   Space Scale
/tmp/cgtry0fF3.obj
                end_init                              0        0        4        0       0
                idloc                            200000   200000        8   200000       0
                config                           300000   300000        E   300000       0
dist/default/production/demo.X.production.obj
                text8                              7F32     7F32       56     3F99       0
                text7                              7E8E     7E8E        A     3F47       0
                text6                              7E78     7E78        6     3F3C       0
                text5                              7EF6     7EF6       3C     3F7B       0
                text4                              7E7E     7E7E        8     3F3F       0
                text3                              7F88     7F88       78     3FC4       0
                text2                              7EB8     7EB8       18     3F5C       0
                text1                              7EA4     7EA4       14     3F52       0
                text0                              7E98     7E98        C     3F4C       0
                cstackCOMRAM                          1        1       1F        1       1
                dataCOMRAM                           20       20        8        1       1
                cinit                              7ED0     7ED0       26     3F68       0
                idataCOMRAM                        7E86     7E86        8     7E86       0

TOTAL           Name                               Link     Load   Length     Space
        CLASS   STACK          

        CLASS   CODE           
                end_init                              0        0        4         0
                text8                              7F32     7F32       56         0
                text7                              7E8E     7E8E        A         0
                text6                              7E78     7E78        6         0
                text5                              7EF6     7EF6       3C         0
                text4                              7E7E     7E7E        8         0
                text3                              7F88     7F88       78         0
                text2                              7EB8     7EB8       18         0
                text1                              7EA4     7EA4       14         0
                text0                              7E98     7E98        C         0
                cinit                              7ED0     7ED0       26         0
                idataCOMRAM                        7E86     7E86        8         0

        CLASS   CONST          

        CLASS   SMALLCONST     

        CLASS   MEDIUMCONST    

        CLASS   COMRAM         
                cstackCOMRAM                          1        1       1F         1
                dataCOMRAM                           20       20        8         1

        CLASS   ABS1           

        CLASS   BIGRAM         

        CLASS   RAM            

        CLASS   BANK0          

        CLASS   BANK1          

        CLASS   BANK2          

        CLASS   BANK3          

        CLASS   BANK4          

        CLASS   BANK5          

        CLASS   SFR            

        CLASS   FARRAM         

        CLASS   CONFIG         
                config                           300000   300000        E         0

        CLASS   IDLOC          
                idloc                            200000   200000        8         0

        CLASS   EEDATA         



SEGMENTS        Name                           Load    Length   Top    Selector   Space  Class

                reset_vec                      000000  000004  000004         0       0  CODE    
                cstackCOMRAM                   000001  000027  000028         1       1  COMRAM  
                text6                          007E78  000006  007E7E      3F3C       0  CODE    
                text4                          007E7E  000008  007E86      3F3F       0  CODE    
                idataCOMRAM                    007E86  000008  007E8E      7E86       0  CODE    
                text7                          007E8E  00000A  007E98      3F47       0  CODE    
                text0                          007E98  00000C  007EA4      3F4C       0  CODE    
                text1                          007EA4  000014  007EB8      3F52       0  CODE    
                text2                          007EB8  000018  007ED0      3F5C       0  CODE    
                cinit                          007ED0  000026  007EF6      3F68       0  CODE    
                text5                          007EF6  00003C  007F32      3F7B       0  CODE    
                text8                          007F32  000056  007F88      3F99       0  CODE    
                text3                          007F88  000078  008000      3FC4       0  CODE    
                idloc                          200000  000008  200008    200000       0  IDLOC   
                config                         300000  00000E  30000E    300000       0  CONFIG  


UNUSED ADDRESS RANGES

        Name                Unused          Largest block    Delta
        BANK0            000060-0000FF               A0
        BANK1            000100-0001FF              100
        BANK2            000200-0002FF              100
        BANK3            000300-0003FF              100
        BANK4            000400-0004FF              100
        BANK5            000500-0005FF              100
        BIGRAM           000028-0005FF              5D8
        CODE             000004-007E77             7E74
        COMRAM           000028-00005F               38
        CONST            000004-007E77             7E74
        EEDATA           F00000-F000FF              100
        MEDIUMCONST      000600-007E77             7878
        RAM              000060-0005FF              100
        SFR              000F60-000FFF               A0
        SMALLCONST       000600-007E77              100
        STACK            000060-0005FF              5A0

                                  Symbol Table

?___lmul                 cstackCOMRAM 000001
_ADCON0                  (abs)        000FC2
_ADCON0bits              (abs)        000FC2
_ADCON1                  (abs)        000FC1
_ADCON2                  (abs)        000FC0
_ADRESH                  (abs)        000FC4
_ANSEL                   (abs)        000F7E
_ANSELH                  (abs)        000F7F
_ANSELbits               (abs)        000F7E
_INTCON2bits             (abs)        000FF1
_LATD                    (abs)        000F8C
_PORTBbits               (abs)        000F81
_TRISBbits               (abs)        000F93
_TRISD                   (abs)        000F95
_WPUBbits                (abs)        000F7C
__CFG_FOSC$INTIO67       (abs)        000000
__CFG_LVP$OFF            (abs)        000000
__CFG_MCLRE$OFF          (abs)        000000
__CFG_WDTEN$OFF          (abs)        000000
__HRAM                   (abs)        000000
__Habs1                  abs1         000000
__Hbank0                 bank0        000000
__Hbank1                 bank1        000000
__Hbank2                 bank2        000000
__Hbank3                 bank3        000000
__Hbank4                 bank4        000000
__Hbank5                 bank5        000000
__Hbigbss                bigbss       000000
__Hbigdata               bigdata      000000
__Hbigram                bigram       000000
__Hbss                   bss          000000
__Hcinit                 cinit        000000
__Hclrtext               clrtext      000000
__Hcomram                comram       000000
__Hconfig                config       30000E
__Hconst                 const        000000
__HcstackCOMRAM          cstackCOMRAM 000000
__Hdata                  data         000000
__HdataCOMRAM            dataCOMRAM   000000
__Heeprom_data           eeprom_data  000000
__Hend_init              end_init     000004
__Hfarbss                farbss       000000
__Hfardata               fardata      000000
__Hibigdata              ibigdata     000000
__Hidata                 idata        000000
__HidataCOMRAM           idataCOMRAM  000000
__Hidloc                 idloc        200008
__Hifardata              ifardata     000000
__Hinit                  init         000000
__Hintcode               intcode      000000
__Hintcode_body          intcode_body 000000
__Hintcodelo             intcodelo    000000
__Hintentry              intentry     000000
__Hintret                intret       000000
__Hintsave_regs          intsave_regs 000000
__Hirdata                irdata       000000
__Hmediumconst           mediumconst  000000
__HnvFARRAM              nvFARRAM     000000
__Hnvbit                 nvbit        000000
__Hnvrram                nvrram       000000
__Hparam                 rparam       000000
__Hpowerup               powerup      000000
__Hram                   ram          000000
__Hramtop                ramtop       000600
__Hrbit                  rbit         000000
__Hrbss                  rbss         000000
__Hrdata                 rdata        000000
__Hreset_vec             reset_vec    000000
__Hrparam                rparam       000000
__Hsfr                   sfr          000000
__Hsmallconst            smallconst   000000
__Hspace_0               (abs)        30000E
__Hspace_1               (abs)        000028
__Hspace_2               (abs)        000000
__Hstack                 stack        000000
__Hstruct                struct       000000
__Htemp                  temp         000000
__Htext                  text         000000
__Htext0                 text0        000000
__Htext1                 text1        000000
__Htext2                 text2        000000
__Htext3                 text3        000000
__Htext4                 text4        000000
__Htext5                 text5        000000
__Htext6                 text6        000000
__Htext7                 text7        000000
__Htext8                 text8        000000
__LRAM                   (abs)        000001
__Labs1                  abs1         000000
__Lbank0                 bank0        000000
__Lbank1                 bank1        000000
__Lbank2                 bank2        000000
__Lbank3                 bank3        000000
__Lbank4                 bank4        000000
__Lbank5                 bank5        000000
__Lbigbss                bigbss       000000
__Lbigdata               bigdata      000000
__Lbigram                bigram       000000
__Lbss                   bss          000000
__Lcinit                 cinit        000000
__Lclrtext               clrtext      000000
__Lcomram                comram       000000
__Lconfig                config       300000
__Lconst                 const        000000
__LcstackCOMRAM          cstackCOMRAM 000000
__Ldata                  data         000000
__LdataCOMRAM            dataCOMRAM   000000
__Leeprom_data           eeprom_data  000000
__Lend_init              end_init     000000
__Lfarbss                farbss       000000
__Lfardata               fardata      000000
__Libigdata              ibigdata     000000
__Lidata                 idata        000000
__LidataCOMRAM           idataCOMRAM  000000
__Lidloc                 idloc        200000
__Lifardata              ifardata     000000
__Linit                  init         000000
__Lintcode               intcode      000000
__Lintcode_body          intcode_body 000000
__Lintcodelo             intcodelo    000000
__Lintentry              intentry     000000
__Lintret                intret       000000
__Lintsave_regs          intsave_regs 000000
__Lirdata                irdata       000000
__Lmediumconst           mediumconst  000000
__LnvFARRAM              nvFARRAM     000000
__Lnvbit                 nvbit        000000
__Lnvrram                nvrram       000000
__Lparam                 rparam       000000
__Lpowerup               powerup      000000
__Lram                   ram          000000
__Lramtop                ramtop       000600
__Lrbit                  rbit         000000
__Lrbss                  rbss         000000
__Lrdata                 rdata        000000
__Lreset_vec             reset_vec    000000
__Lrparam                rparam       000000
__Lsfr                   sfr          000000
__Lsmallconst            smallconst   000000
__Lspace_0               (abs)        000000
__Lspace_1               (abs)        000000
__Lspace_2               (abs)        000000
__Lstack                 stack        000000
__Lstruct                struct       000000
__Ltemp                  temp         000000
__Ltext                  text         000000
__Ltext0                 text0        000000
__Ltext1                 text1        000000
__Ltext2                 text2        000000
__Ltext3                 text3        000000
__Ltext4                 text4        000000
__Ltext5                 text5        000000
__Ltext6                 text6        000000
__Ltext7                 text7        000000
__Ltext8                 text8        000000
__S0                     (abs)        30000E
__S1                     (abs)        000028
__S2                     (abs)        000000
___inthi_sp              stack        000000
___intlo_sp              stack        000000
___lmul                  text8        007F32
___lmul@multiplicand     cstackCOMRAM 000005
___lmul@multiplier       cstackCOMRAM 000001
___lmul@product          cstackCOMRAM 000009
___sp                    stack        000000
__accesstop              (abs)        000060
__activetblptr           (abs)        000000
__end_of___lmul          text8        007F88
__end_of__initialization cinit        007EF0
__end_of_ex14            text3        008000
__end_of_getADC          text7        007E98
__end_of_getVoltage      text6        007E7E
__end_of_init            text1        007EB8
__end_of_initADC         text2        007ED0
__end_of_loseSomeTime    text5        007F32
__end_of_main            text0        007EA4
__end_of_setLeds         text4        007E86
__initialization         cinit        007ED0
__mediumconst            mediumconst  000000
__pcinit                 cinit        007ED0
__pcstackCOMRAM          cstackCOMRAM 000001
__pdataCOMRAM            dataCOMRAM   000020
__pidataCOMRAM           idataCOMRAM  007E86
__ptext0                 text0        007E98
__ptext1                 text1        007EA4
__ptext2                 text2        007EB8
__ptext3                 text3        007F88
__ptext4                 text4        007E7E
__ptext5                 text5        007EF6
__ptext6                 text6        007E78
__ptext7                 text7        007E8E
__ptext8                 text8        007F32
__ramtop                 ramtop       000600
__size_of___lmul         (abs)        000000
__size_of_ex14           (abs)        000000
__size_of_getADC         (abs)        000000
__size_of_getVoltage     (abs)        000000
__size_of_init           (abs)        000000
__size_of_initADC        (abs)        000000
__size_of_loseSomeTime   (abs)        000000
__size_of_main           (abs)        000000
__size_of_setLeds        (abs)        000000
__smallconst             smallconst   000000
_ex14                    text3        007F88
_getADC                  text7        007E8E
_getVoltage              text6        007E78
_init                    text1        007EA4
_initADC                 text2        007EB8
_loseSomeTime            text5        007EF6
_main                    text0        007E98
_setLeds                 text4        007E7E
end_of_initialization    cinit        007EF0
ex14@F4389               dataCOMRAM   000020
ex14@i                   cstackCOMRAM 00001F
ex14@table               cstackCOMRAM 000017
intlevel0                text         000000
intlevel1                text         000000
intlevel2                text         000000
intlevel3                text         000000
loseSomeTime@cpt         cstackCOMRAM 000012
loseSomeTime@cptMax      cstackCOMRAM 00000D
setLeds@x                cstackCOMRAM 000001
stackhi                  (abs)        0005FF
stacklo                  (abs)        000060
start                    init         000000
start_initialization     cinit        007ED0


FUNCTION INFORMATION:

 *************** function _main *****************
 Defined at:
		line 163 in file "main.c"
 Parameters:    Size  Location     Type
		None
 Auto vars:     Size  Location     Type
		None
 Return value:  Size  Location     Type
		None               void
 Registers used:
		wreg, fsr1l, fsr1h, fsr2l, fsr2h, status,2, status,0, prodl, prodh, cstack
 Tracked objects:
		On entry : 
		On exit  : 
		Unchanged: 
 Data sizes:     COMRAM   BANK0   BANK1   BANK2   BANK3   BANK4   BANK5
      Params:         0       0       0       0       0       0       0
      Locals:         0       0       0       0       0       0       0
      Temps:          0       0       0       0       0       0       0
      Totals:         0       0       0       0       0       0       0
Total ram usage:        0 bytes
 Hardware stack levels required when called:    3
 This function calls:
		_ex14
		_init
 This function is called by:
		Startup code after reset
 This function uses a non-reentrant model


 *************** function _init *****************
 Defined at:
		line 3 in file "../drivers/drivers.c"
 Parameters:    Size  Location     Type
		None
 Auto vars:     Size  Location     Type
		None
 Return value:  Size  Location     Type
		None               void
 Registers used:
		wreg, status,2, cstack
 Tracked objects:
		On entry : 
		On exit  : 
		Unchanged: 
 Data sizes:     COMRAM   BANK0   BANK1   BANK2   BANK3   BANK4   BANK5
      Params:         0       0       0       0       0       0       0
      Locals:         0       0       0       0       0       0       0
      Temps:          0       0       0       0       0       0       0
      Totals:         0       0       0       0       0       0       0
Total ram usage:        0 bytes
 Hardware stack levels used:    1
 Hardware stack levels required when called:    1
 This function calls:
		_initADC
 This function is called by:
		_main
 This function uses a non-reentrant model


 *************** function _initADC *****************
 Defined at:
		line 29 in file "../drivers/drivers.c"
 Parameters:    Size  Location     Type
		None
 Auto vars:     Size  Location     Type
		None
 Return value:  Size  Location     Type
		None               void
 Registers used:
		wreg, status,2
 Tracked objects:
		On entry : 
		On exit  : 
		Unchanged: 
 Data sizes:     COMRAM   BANK0   BANK1   BANK2   BANK3   BANK4   BANK5
      Params:         0       0       0       0       0       0       0
      Locals:         0       0       0       0       0       0       0
      Temps:          0       0       0       0       0       0       0
      Totals:         0       0       0       0       0       0       0
Total ram usage:        0 bytes
 Hardware stack levels used:    1
 This function calls:
		Nothing
 This function is called by:
		_init
 This function uses a non-reentrant model


 *************** function _ex14 *****************
 Defined at:
		line 148 in file "main.c"
 Parameters:    Size  Location     Type
		None
 Auto vars:     Size  Location     Type
  table           8   22[COMRAM] unsigned char [8]
  i               1   30[COMRAM] char 
 Return value:  Size  Location     Type
		None               void
 Registers used:
		wreg, fsr1l, fsr1h, fsr2l, fsr2h, status,2, status,0, prodl, prodh, cstack
 Tracked objects:
		On entry : 
		On exit  : 
		Unchanged: 
 Data sizes:     COMRAM   BANK0   BANK1   BANK2   BANK3   BANK4   BANK5
      Params:         0       0       0       0       0       0       0
      Locals:         9       0       0       0       0       0       0
      Temps:          1       0       0       0       0       0       0
      Totals:        10       0       0       0       0       0       0
Total ram usage:       10 bytes
 Hardware stack levels used:    1
 Hardware stack levels required when called:    2
 This function calls:
		___lmul
		_getVoltage
		_loseSomeTime
		_setLeds
 This function is called by:
		_main
 This function uses a non-reentrant model


 *************** function _setLeds *****************
 Defined at:
		line 14 in file "../drivers/drivers.c"
 Parameters:    Size  Location     Type
  x               1    wreg     unsigned char 
 Auto vars:     Size  Location     Type
  x               1    0[COMRAM] unsigned char 
 Return value:  Size  Location     Type
		None               void
 Registers used:
		wreg
 Tracked objects:
		On entry : 
		On exit  : 
		Unchanged: 
 Data sizes:     COMRAM   BANK0   BANK1   BANK2   BANK3   BANK4   BANK5
      Params:         0       0       0       0       0       0       0
      Locals:         1       0       0       0       0       0       0
      Temps:          0       0       0       0       0       0       0
      Totals:         1       0       0       0       0       0       0
Total ram usage:        1 bytes
 Hardware stack levels used:    1
 This function calls:
		Nothing
 This function is called by:
		_ex14
		_ex01
		_ex02
		_ex03
		_ex04
		_ex05
		_ex06
		_ex07
		_ex08
		_ex09
		_ex10
		_ex11
		_ex12
		_ex13
 This function uses a non-reentrant model


 *************** function _loseSomeTime *****************
 Defined at:
		line 3 in file "main.c"
 Parameters:    Size  Location     Type
  cptMax          4   12[COMRAM] long 
 Auto vars:     Size  Location     Type
  cpt             4   17[COMRAM] long 
 Return value:  Size  Location     Type
		None               void
 Registers used:
		wreg, status,2, status,0
 Tracked objects:
		On entry : 
		On exit  : 
		Unchanged: 
 Data sizes:     COMRAM   BANK0   BANK1   BANK2   BANK3   BANK4   BANK5
      Params:         4       0       0       0       0       0       0
      Locals:         4       0       0       0       0       0       0
      Temps:          1       0       0       0       0       0       0
      Totals:         9       0       0       0       0       0       0
Total ram usage:        9 bytes
 Hardware stack levels used:    1
 This function calls:
		Nothing
 This function is called by:
		_ex14
		_ex07
		_ex09
		_ex10
		_ex12
 This function uses a non-reentrant model


 *************** function _getVoltage *****************
 Defined at:
		line 19 in file "../drivers/drivers.c"
 Parameters:    Size  Location     Type
		None
 Auto vars:     Size  Location     Type
		None
 Return value:  Size  Location     Type
                  1    wreg      unsigned char 
 Registers used:
		wreg, status,2, cstack
 Tracked objects:
		On entry : 
		On exit  : 
		Unchanged: 
 Data sizes:     COMRAM   BANK0   BANK1   BANK2   BANK3   BANK4   BANK5
      Params:         0       0       0       0       0       0       0
      Locals:         0       0       0       0       0       0       0
      Temps:          0       0       0       0       0       0       0
      Totals:         0       0       0       0       0       0       0
Total ram usage:        0 bytes
 Hardware stack levels used:    1
 Hardware stack levels required when called:    1
 This function calls:
		_getADC
 This function is called by:
		_ex14
		_ex08
		_ex09
		_ex10
		_ex11
 This function uses a non-reentrant model


 *************** function _getADC *****************
 Defined at:
		line 64 in file "../drivers/drivers.c"
 Parameters:    Size  Location     Type
		None
 Auto vars:     Size  Location     Type
		None
 Return value:  Size  Location     Type
                  1    wreg      unsigned char 
 Registers used:
		wreg, status,2
 Tracked objects:
		On entry : 
		On exit  : 
		Unchanged: 
 Data sizes:     COMRAM   BANK0   BANK1   BANK2   BANK3   BANK4   BANK5
      Params:         0       0       0       0       0       0       0
      Locals:         0       0       0       0       0       0       0
      Temps:          0       0       0       0       0       0       0
      Totals:         0       0       0       0       0       0       0
Total ram usage:        0 bytes
 Hardware stack levels used:    1
 This function calls:
		Nothing
 This function is called by:
		_getVoltage
 This function uses a non-reentrant model


 *************** function ___lmul *****************
 Defined at:
		line 15 in file "/Applications/microchip/xc8/v1.33/sources/common/Umul32.c"
 Parameters:    Size  Location     Type
  multiplier      4    0[COMRAM] unsigned long 
  multiplicand    4    4[COMRAM] unsigned long 
 Auto vars:     Size  Location     Type
  product         4    8[COMRAM] unsigned long 
 Return value:  Size  Location     Type
                  4    0[COMRAM] unsigned long 
 Registers used:
		wreg, status,2, status,0
 Tracked objects:
		On entry : 
		On exit  : 
		Unchanged: 
 Data sizes:     COMRAM   BANK0   BANK1   BANK2   BANK3   BANK4   BANK5
      Params:         8       0       0       0       0       0       0
      Locals:         4       0       0       0       0       0       0
      Temps:          0       0       0       0       0       0       0
      Totals:        12       0       0       0       0       0       0
Total ram usage:       12 bytes
 Hardware stack levels used:    1
 This function calls:
		Nothing
 This function is called by:
		_ex14
 This function uses a non-reentrant model



MODULE INFORMATION

Module		Function		Class		Link	Load	Size
/Applications/microchip/xc8/v1.33/sources/common/Umul32.c
		___lmul        		CODE           	7F32	0000	86

/Applications/microchip/xc8/v1.33/sources/common/Umul32.c estimated size: 86

shared
		__initializatio		CODE           	7ED0	0000	32

shared estimated size: 32

main.c
		_main          		CODE           	7E98	0000	12
		_ex14          		CODE           	7F88	0000	120
		_loseSomeTime  		CODE           	7EF6	0000	60

main.c estimated size: 192

../drivers/drivers.c
		_init          		CODE           	7EA4	0000	20
		_getADC        		CODE           	7E8E	0000	10
		_initADC       		CODE           	7EB8	0000	24
		_getVoltage    		CODE           	7E78	0000	6
		_setLeds       		CODE           	7E7E	0000	8

../drivers/drivers.c estimated size: 68

