Archive member included because of file (symbol)

./plib/pic32mx/lib/libmchp_peripheral_32MX460F512L.a(int_enable_interrupts_lib.o)
                              build/default/production/drivers/interrupts.o (INTEnableInterrupts)
./plib/pic32mx/lib/libmchp_peripheral_32MX460F512L.a(int_enable_mv_int_lib.o)
                              build/default/production/drivers/mx4.o (INTEnableSystemMultiVectoredInt)
./plib/pic32mx/lib/libmchp_peripheral_32MX460F512L.a(int_tbl_lib.o)
                              build/default/production/drivers/interrupts.o (INTEnable)
./plib/pic32mx/lib/libmchp_peripheral_32MX460F512L.a(read_capture2_lib.o)
                              build/default/production/drivers/motors.o (ReadCapture2)
./plib/pic32mx/lib/libmchp_peripheral_32MX460F512L.a(read_capture3_lib.o)
                              build/default/production/drivers/motors.o (ReadCapture3)
./plib/pic32mx/lib/libmchp_peripheral_32MX460F512L.a(spi_chn_putc_lib.o)
                              build/default/production/drivers/PmodJSTK.o (SpiChnPutC)
./plib/pic32mx/lib/libmchp_peripheral_32MX460F512L.a(spi_map_tbl_libp.o)
                              ./plib/pic32mx/lib/libmchp_peripheral_32MX460F512L.a(spi_chn_putc_lib.o) (_SpiMapTbl)
./plib/pic32mx/lib/libmchp_peripheral_32MX460F512L.a(port_set_pins_digital_out_lib.o)
                              build/default/production/drivers/PmodOLED.o (PORTSetPinsDigitalOut)
./plib/pic32mx/lib/libmchp_peripheral_32MX460F512L.a(port_clear_bits_lib.o)
                              build/default/production/drivers/PmodOLED.o (PORTClearBits)
./plib/pic32mx/lib/libmchp_peripheral_32MX460F512L.a(port_set_bits_lib.o)
                              build/default/production/drivers/PmodOLED.o (PORTSetBits)
./plib/pic32mx/lib/libmchp_peripheral_32MX460F512L.a(_ports_tbl_libp.o)
                              ./plib/pic32mx/lib/libmchp_peripheral_32MX460F512L.a(port_set_pins_digital_out_lib.o) (PortRegTbl)
./plib/pic32mx/lib/libmchp_peripheral_32MX460F512L.a(puts_uartx_lib_legacy.o)
                              build/default/production/drivers/databk.o (putsUART1)
./plib/pic32mx/lib/libmchp_peripheral_32MX460F512L.a(idle_i2c1_lib_legacy.o)
                              build/default/production/drivers/acl.o (IdleI2C1)
./plib/pic32mx/lib/libmchp_peripheral_32MX460F512L.a(master_read_i2c1_lib_legacy.o)
                              build/default/production/drivers/acl.o (MasterReadI2C1)
./plib/pic32mx/lib/libmchp_peripheral_32MX460F512L.a(master_write_i2c1_lib_legacy.o)
                              build/default/production/drivers/acl.o (MasterWriteI2C1)

Optional file libmchp_peripheral.a not found

Optional file libmchp_peripheral_32MX460F512L.a not found
/Applications/microchip/xc32/v1.42/bin/bin/../../lib/gcc/pic32mx/4.8.3/../../../../pic32mx/lib/libpic32.a(strlen.o)
                              build/default/production/drivers/ClpLib.o (strlen)
/Applications/microchip/xc32/v1.42/bin/bin/../../lib/gcc/pic32mx/4.8.3/../../../../pic32mx/lib/libpic32.a(default-bootstrap-exception-handler.o)
                              /Applications/microchip/xc32/v1.42/bin/bin/../../lib/gcc/pic32mx/4.8.3/../../../../pic32mx/lib/./proc/32MX460F512L/crt0_mips32r2.o (_bootstrap_exception_handler)
/Applications/microchip/xc32/v1.42/bin/bin/../../lib/gcc/pic32mx/4.8.3/../../../../pic32mx/lib/libpic32.a(default-on-reset.o)
                              /Applications/microchip/xc32/v1.42/bin/bin/../../lib/gcc/pic32mx/4.8.3/../../../../pic32mx/lib/./proc/32MX460F512L/crt0_mips32r2.o (_on_reset)
/Applications/microchip/xc32/v1.42/bin/bin/../../lib/gcc/pic32mx/4.8.3/../../../../pic32mx/lib/libpic32.a(default-on-bootstrap.o)
                              /Applications/microchip/xc32/v1.42/bin/bin/../../lib/gcc/pic32mx/4.8.3/../../../../pic32mx/lib/./proc/32MX460F512L/crt0_mips32r2.o (_on_bootstrap)
/Applications/microchip/xc32/v1.42/bin/bin/../../lib/gcc/pic32mx/4.8.3/../../../../pic32mx/lib/libpic32.a(default-nmi-handler.o)
                              /Applications/microchip/xc32/v1.42/bin/bin/../../lib/gcc/pic32mx/4.8.3/../../../../pic32mx/lib/./proc/32MX460F512L/crt0_mips32r2.o (_nmi_handler)
/Applications/microchip/xc32/v1.42/bin/bin/../../lib/gcc/pic32mx/4.8.3/../../../../pic32mx/lib/libpic32.a(general-exception.o)
                              /Applications/microchip/xc32/v1.42/bin/bin/../../lib/gcc/pic32mx/4.8.3/../../../../pic32mx/lib/./proc/32MX460F512L/crt0_mips32r2.o (_general_exception_context)
/Applications/microchip/xc32/v1.42/bin/bin/../../lib/gcc/pic32mx/4.8.3/../../../../pic32mx/lib/libpic32.a(vector0.o)
                              /Applications/microchip/xc32/v1.42/bin/bin/../../lib/gcc/pic32mx/4.8.3/../../../../pic32mx/lib/./proc/32MX460F512L/default_isr_vectors.o (__vector_dispatch_0)
/Applications/microchip/xc32/v1.42/bin/bin/../../lib/gcc/pic32mx/4.8.3/../../../../pic32mx/lib/libpic32.a(vector1.o)
[...]
Memory Configuration

Name             Origin             Length             Attributes
kseg0_program_mem 0x9d000000         0x00080000         xr
kseg0_boot_mem   0x9fc00490         0x00000970
exception_mem    0x9fc01000         0x00001000
kseg1_boot_mem   0xbfc00000         0x00000490
debug_exec_mem   0xbfc02000         0x00000ff0
config3          0xbfc02ff0         0x00000004
config2          0xbfc02ff4         0x00000004
config1          0xbfc02ff8         0x00000004
config0          0xbfc02ffc         0x00000004
kseg1_data_mem   0xa0000000         0x00008000         w !x
sfrs             0xbf800000         0x00100000
configsfrs       0xbfc02ff0         0x00000010
*default*        0x00000000         0xffffffff

Linker script and memory map

LOAD /Applications/microchip/xc32/v1.42/bin/bin/../../lib/gcc/pic32mx/4.8.3/../../../../pic32mx/lib/./proc/32MX460F512L/crt0_mips32r2.o
LOAD /Applications/microchip/xc32/v1.42/bin/bin/../../lib/gcc/pic32mx/4.8.3/../../../../pic32mx/lib/debug-exception-return.o
LOAD build/default/production/drivers/acl.o
LOAD build/default/production/drivers/analogInputs.o
LOAD build/default/production/drivers/ChrFont0.o
LOAD build/default/production/drivers/ClpLib.o
LOAD build/default/production/drivers/databk.o
LOAD build/default/production/drivers/delay.o
LOAD build/default/production/drivers/FillPat.o
LOAD build/default/production/drivers/interrupts.o
LOAD build/default/production/drivers/motors.o
LOAD build/default/production/drivers/mx4.o
LOAD build/default/production/drivers/OledChar.o
LOAD build/default/production/drivers/OledGrph.o
LOAD build/default/production/drivers/Pmod8leds.o
LOAD build/default/production/drivers/PmodBTN.o
LOAD build/default/production/drivers/PmodCLP.o
LOAD build/default/production/drivers/PmodMAXSONAR.o
LOAD build/default/production/drivers/PmodOLED.o
LOAD build/default/production/drivers/PmodSSD.o
LOAD build/default/production/drivers/PmodTMP3.o
LOAD build/default/production/drivers/scope.o
LOAD build/default/production/drivers/servo.o
LOAD build/default/production/drivers/PmodLS1.o
LOAD build/default/production/drivers/PmodIR_Range.o
LOAD build/default/production/drivers/PmodJSTK.o
LOAD build/default/production/sources/main.o
LOAD ./plib/pic32mx/lib/libmchp_peripheral_32MX460F512L.a
LOAD ./plib/pic32mx/lib/libmchp_peripheral.a
                0x00000001                __MPLAB_BUILD = 0x1
LOAD /Applications/microchip/xc32/v1.42/bin/bin/../../lib/gcc/pic32mx/4.8.3/../../../../pic32mx/lib/./proc/32MX460F512L/default_isr_vectors.o
LOAD /Applications/microchip/xc32/v1.42/bin/bin/../../lib/gcc/pic32mx/4.8.3/../../../../pic32mx/lib/pic32_software_reset.o
                0x00000400                PROVIDE (_min_stack_size, 0x400)
LOAD /Applications/microchip/xc32/v1.42/bin/bin/../../lib/gcc/pic32mx/4.8.3/../../../../pic32mx/lib/./proc/32MX460F512L/processor.o
START GROUP
LOAD libmchp_peripheral.a
END GROUP
START GROUP
LOAD libmchp_peripheral_32MX460F512L.a
END GROUP
                0x00000001                PROVIDE (_vector_spacing, 0x1)
                0x9fc01000                PROVIDE (_ebase_address, 0x9fc01000)
                0xbfc00000                _RESET_ADDR = 0xbfc00000
                0xbfc00380                _BEV_EXCPT_ADDR = 0xbfc00380
                0xbfc00480                _DBG_EXCPT_ADDR = 0xbfc00480
                0xbfc02000                _DBG_CODE_ADDR = 0xbfc02000
                0x00000ff0                _DBG_CODE_SIZE = 0xff0
                0x9fc01180                _GEN_EXCPT_ADDR = (_ebase_address + 0x180)

.config_BFC02FF0
 *(.config_BFC02FF0)

.config_BFC02FF4
                0xbfc02ff4        0x4
 *(.config_BFC02FF4)
 .config_BFC02FF4
                0xbfc02ff4        0x4 build/default/production/sources/main.o

.config_BFC02FF8
                0xbfc02ff8        0x4
 *(.config_BFC02FF8)
 .config_BFC02FF8
                0xbfc02ff8        0x4 build/default/production/sources/main.o

.config_BFC02FFC
 *(.config_BFC02FFC)
                0xbfc02000                PROVIDE (_DBG_CODE_ADDR, 0xbfc02000)
                0x00000ff0                PROVIDE (_DBG_CODE_SIZE, 0xff0)

.reset          0xbfc00000      0x208
 *(.reset)
 .reset         0xbfc00000        0x8 /Applications/microchip/xc32/v1.42/bin/bin/../../lib/gcc/pic32mx/4.8.3/../../../../pic32mx/lib/./proc/32MX460F512L/crt0_mips32r2.o
                0xbfc00000                _reset
 *(.reset.startup)
 .reset.startup
                0xbfc00008      0x200 /Applications/microchip/xc32/v1.42/bin/bin/../../lib/gcc/pic32mx/4.8.3/../../../../pic32mx/lib/./proc/32MX460F512L/crt0_mips32r2.o

.bev_excpt      0xbfc00380       0x10
 *(.bev_handler)
 .bev_handler   0xbfc00380       0x10 /Applications/microchip/xc32/v1.42/bin/bin/../../lib/gcc/pic32mx/4.8.3/../../../../pic32mx/lib/./proc/32MX460F512L/crt0_mips32r2.o

.dbg_excpt      0xbfc00480        0x0
                0xbfc00480                . = (. + DEFINED (_DEBUGGER)?0x8:0x0)

.dbg_code       0xbfc02000        0x0
                0xbfc02000                . = (. + DEFINED (_DEBUGGER)?_DBG_CODE_SIZE:0x0)

.app_excpt      0x9fc01180       0x10
 *(.gen_handler)
 .gen_handler   0x9fc01180       0x10 /Applications/microchip/xc32/v1.42/bin/bin/../../lib/gcc/pic32mx/4.8.3/../../../../pic32mx/lib/./proc/32MX460F512L/crt0_mips32r2.o

.vector_0       0x9fc01200        0x8
 *(.vector_0)
 .vector_0      0x9fc01200        0x8 /Applications/microchip/xc32/v1.42/bin/bin/../../lib/gcc/pic32mx/4.8.3/../../../../pic32mx/lib/libpic32.a(vector0.o)
                0x9fc01200                __vector_dispatch_0
                0x00000001                ASSERT (((_vector_spacing == 0x0) || (SIZEOF (.vector_0) <= (_vector_spacing << 0x5))), function at exception vector 0 too large)

.vector_1       0x9fc01220        0x8
 *(.vector_1)
 .vector_1      0x9fc01220        0x8 /Applications/microchip/xc32/v1.42/bin/bin/../../lib/gcc/pic32mx/4.8.3/../../../../pic32mx/lib/libpic32.a(vector1.o)
                0x9fc01220                __vector_dispatch_1
                0x00000001                ASSERT (((_vector_spacing == 0x0) || (SIZEOF (.vector_1) <= (_vector_spacing << 0x5))), function at exception vector 1 too large)

.vector_2       0x9fc01240        0x8
 *(.vector_2)
 .vector_2      0x9fc01240        0x8 /Applications/microchip/xc32/v1.42/bin/bin/../../lib/gcc/pic32mx/4.8.3/../../../../pic32mx/lib/libpic32.a(vector2.o)
                0x9fc01240                __vector_dispatch_2
                0x00000001                ASSERT (((_vector_spacing == 0x0) || (SIZEOF (.vector_2) <= (_vector_spacing << 0x5))), function at exception vector 2 too large)

.vector_3       0x9fc01260        0x8
 *(.vector_3)
 .vector_3      0x9fc01260        0x8 /Applications/microchip/xc32/v1.42/bin/bin/../../lib/gcc/pic32mx/4.8.3/../../../../pic32mx/lib/libpic32.a(vector3.o)
                0x9fc01260                __vector_dispatch_3
                0x00000001                ASSERT (((_vector_spacing == 0x0) || (SIZEOF (.vector_3) <= (_vector_spacing << 0x5))), function at exception vector 3 too large)

.vector_4       0x9fc01280        0x8
 *(.vector_4)
 .vector_4      0x9fc01280        0x8 build/default/production/drivers/interrupts.o
                0x9fc01280                __vector_dispatch_4
                0x00000001                ASSERT (((_vector_spacing == 0x0) || (SIZEOF (.vector_4) <= (_vector_spacing << 0x5))), function at exception vector 4 too large)

.vector_5       0x9fc012a0        0x8
 *(.vector_5)
 .vector_5      0x9fc012a0        0x8 /Applications/microchip/xc32/v1.42/bin/bin/../../lib/gcc/pic32mx/4.8.3/../../../../pic32mx/lib/libpic32.a(vector5.o)
                0x9fc012a0                __vector_dispatch_5
                0x00000001                ASSERT (((_vector_spacing == 0x0) || (SIZEOF (.vector_5) <= (_vector_spacing << 0x5))), function at exception vector 5 too large)

.vector_6       0x9fc012c0        0x8
 *(.vector_6)
 .vector_6      0x9fc012c0        0x8 /Applications/microchip/xc32/v1.42/bin/bin/../../lib/gcc/pic32mx/4.8.3/../../../../pic32mx/lib/libpic32.a(vector6.o)
                0x9fc012c0                __vector_dispatch_6
                0x00000001                ASSERT (((_vector_spacing == 0x0) || (SIZEOF (.vector_6) <= (_vector_spacing << 0x5))), function at exception vector 6 too large)

.vector_7       0x9fc012e0        0x8
 *(.vector_7)
 .vector_7      0x9fc012e0        0x8 /Applications/microchip/xc32/v1.42/bin/bin/../../lib/gcc/pic32mx/4.8.3/../../../../pic32mx/lib/libpic32.a(vector7.o)
                0x9fc012e0                __vector_dispatch_7
                0x00000001                ASSERT (((_vector_spacing == 0x0) || (SIZEOF (.vector_7) <= (_vector_spacing << 0x5))), function at exception vector 7 too large)

.vector_8       0x9fc01300        0x8
 *(.vector_8)
 .vector_8      0x9fc01300        0x8 build/default/production/drivers/interrupts.o
                0x9fc01300                __vector_dispatch_8
                0x00000001                ASSERT (((_vector_spacing == 0x0) || (SIZEOF (.vector_8) <= (_vector_spacing << 0x5))), function at exception vector 8 too large)

.vector_9       0x9fc01320        0x8
 *(.vector_9)
 .vector_9      0x9fc01320        0x8 build/default/production/drivers/motors.o
                0x9fc01320                __vector_dispatch_9
                0x00000001                ASSERT (((_vector_spacing == 0x0) || (SIZEOF (.vector_9) <= (_vector_spacing << 0x5))), function at exception vector 9 too large)

.vector_10      0x9fc01340        0x8
 *(.vector_10)
 .vector_10     0x9fc01340        0x8 /Applications/microchip/xc32/v1.42/bin/bin/../../lib/gcc/pic32mx/4.8.3/../../../../pic32mx/lib/libpic32.a(vector10.o)
                0x9fc01340                __vector_dispatch_10
                0x00000001                ASSERT (((_vector_spacing == 0x0) || (SIZEOF (.vector_10) <= (_vector_spacing << 0x5))), function at exception vector 10 too large)

.vector_11      0x9fc01360        0x8
 *(.vector_11)
 .vector_11     0x9fc01360        0x8 /Applications/microchip/xc32/v1.42/bin/bin/../../lib/gcc/pic32mx/4.8.3/../../../../pic32mx/lib/libpic32.a(vector11.o)
                0x9fc01360                __vector_dispatch_11
                0x00000001                ASSERT (((_vector_spacing == 0x0) || (SIZEOF (.vector_11) <= (_vector_spacing << 0x5))), function at exception vector 11 too large)

.vector_12      0x9fc01380        0x8
 *(.vector_12)
 .vector_12     0x9fc01380        0x8 build/default/production/drivers/interrupts.o
                0x9fc01380                __vector_dispatch_12
                0x00000001                ASSERT (((_vector_spacing == 0x0) || (SIZEOF (.vector_12) <= (_vector_spacing << 0x5))), function at exception vector 12 too large)

.vector_13      0x9fc013a0        0x8
 *(.vector_13)
 .vector_13     0x9fc013a0        0x8 build/default/production/drivers/motors.o
                0x9fc013a0                __vector_dispatch_13
                0x00000001                ASSERT (((_vector_spacing == 0x0) || (SIZEOF (.vector_13) <= (_vector_spacing << 0x5))), function at exception vector 13 too large)

.vector_14      0x9fc013c0        0x8
 *(.vector_14)
 .vector_14     0x9fc013c0        0x8 /Applications/microchip/xc32/v1.42/bin/bin/../../lib/gcc/pic32mx/4.8.3/../../../../pic32mx/lib/libpic32.a(vector14.o)
                0x9fc013c0                __vector_dispatch_14
                0x00000001                ASSERT (((_vector_spacing == 0x0) || (SIZEOF (.vector_14) <= (_vector_spacing << 0x5))), function at exception vector 14 too large)

.vector_15      0x9fc013e0        0x8
 *(.vector_15)
 .vector_15     0x9fc013e0        0x8 /Applications/microchip/xc32/v1.42/bin/bin/../../lib/gcc/pic32mx/4.8.3/../../../../pic32mx/lib/libpic32.a(vector15.o)
                0x9fc013e0                __vector_dispatch_15
                0x00000001                ASSERT (((_vector_spacing == 0x0) || (SIZEOF (.vector_15) <= (_vector_spacing << 0x5))), function at exception vector 15 too large)

.vector_16      0x9fc01400        0x8
 *(.vector_16)
 .vector_16     0x9fc01400        0x8 build/default/production/drivers/interrupts.o
                0x9fc01400                __vector_dispatch_16
                0x00000001                ASSERT (((_vector_spacing == 0x0) || (SIZEOF (.vector_16) <= (_vector_spacing << 0x5))), function at exception vector 16 too large)

.vector_17      0x9fc01420        0x8
 *(.vector_17)
 .vector_17     0x9fc01420        0x8 /Applications/microchip/xc32/v1.42/bin/bin/../../lib/gcc/pic32mx/4.8.3/../../../../pic32mx/lib/libpic32.a(vector17.o)
                0x9fc01420                __vector_dispatch_17
                0x00000001                ASSERT (((_vector_spacing == 0x0) || (SIZEOF (.vector_17) <= (_vector_spacing << 0x5))), function at exception vector 17 too large)

.vector_18      0x9fc01440        0x8
 *(.vector_18)
 .vector_18     0x9fc01440        0x8 /Applications/microchip/xc32/v1.42/bin/bin/../../lib/gcc/pic32mx/4.8.3/../../../../pic32mx/lib/libpic32.a(vector18.o)
                0x9fc01440                __vector_dispatch_18
                0x00000001                ASSERT (((_vector_spacing == 0x0) || (SIZEOF (.vector_18) <= (_vector_spacing << 0x5))), function at exception vector 18 too large)

.vector_19      0x9fc01460        0x8
 *(.vector_19)
 .vector_19     0x9fc01460        0x8 /Applications/microchip/xc32/v1.42/bin/bin/../../lib/gcc/pic32mx/4.8.3/../../../../pic32mx/lib/libpic32.a(vector19.o)
                0x9fc01460                __vector_dispatch_19
                0x00000001                ASSERT (((_vector_spacing == 0x0) || (SIZEOF (.vector_19) <= (_vector_spacing << 0x5))), function at exception vector 19 too large)

.vector_20      0x9fc01480        0x8
 *(.vector_20)
 .vector_20     0x9fc01480        0x8 build/default/production/drivers/interrupts.o
                0x9fc01480                __vector_dispatch_20
                0x00000001                ASSERT (((_vector_spacing == 0x0) || (SIZEOF (.vector_20) <= (_vector_spacing << 0x5))), function at exception vector 20 too large)

.vector_21      0x9fc014a0        0x8
 *(.vector_21)
 .vector_21     0x9fc014a0        0x8 /Applications/microchip/xc32/v1.42/bin/bin/../../lib/gcc/pic32mx/4.8.3/../../../../pic32mx/lib/libpic32.a(vector21.o)
                0x9fc014a0                __vector_dispatch_21
                0x00000001                ASSERT (((_vector_spacing == 0x0) || (SIZEOF (.vector_21) <= (_vector_spacing << 0x5))), function at exception vector 21 too large)

.vector_22      0x9fc014c0        0x8
 *(.vector_22)
 .vector_22     0x9fc014c0        0x8 /Applications/microchip/xc32/v1.42/bin/bin/../../lib/gcc/pic32mx/4.8.3/../../../../pic32mx/lib/libpic32.a(vector22.o)
                0x9fc014c0                __vector_dispatch_22
                0x00000001                ASSERT (((_vector_spacing == 0x0) || (SIZEOF (.vector_22) <= (_vector_spacing << 0x5))), function at exception vector 22 too large)

.vector_23      0x9fc014e0        0x8
 *(.vector_23)
 .vector_23     0x9fc014e0        0x8 /Applications/microchip/xc32/v1.42/bin/bin/../../lib/gcc/pic32mx/4.8.3/../../../../pic32mx/lib/libpic32.a(vector23.o)
                0x9fc014e0                __vector_dispatch_23
                0x00000001                ASSERT (((_vector_spacing == 0x0) || (SIZEOF (.vector_23) <= (_vector_spacing << 0x5))), function at exception vector 23 too large)

.vector_24      0x9fc01500        0x8
 *(.vector_24)
 .vector_24     0x9fc01500        0x8 /Applications/microchip/xc32/v1.42/bin/bin/../../lib/gcc/pic32mx/4.8.3/../../../../pic32mx/lib/libpic32.a(vector24.o)
                0x9fc01500                __vector_dispatch_24
                0x00000001                ASSERT (((_vector_spacing == 0x0) || (SIZEOF (.vector_24) <= (_vector_spacing << 0x5))), function at exception vector 24 too large)

.vector_25      0x9fc01520        0x8
 *(.vector_25)
 .vector_25     0x9fc01520        0x8 /Applications/microchip/xc32/v1.42/bin/bin/../../lib/gcc/pic32mx/4.8.3/../../../../pic32mx/lib/libpic32.a(vector25.o)
                0x9fc01520                __vector_dispatch_25
                0x00000001                ASSERT (((_vector_spacing == 0x0) || (SIZEOF (.vector_25) <= (_vector_spacing << 0x5))), function at exception vector 25 too large)

.vector_26      0x9fc01540        0x8
 *(.vector_26)
 .vector_26     0x9fc01540        0x8 /Applications/microchip/xc32/v1.42/bin/bin/../../lib/gcc/pic32mx/4.8.3/../../../../pic32mx/lib/libpic32.a(vector26.o)
                0x9fc01540                __vector_dispatch_26
                0x00000001                ASSERT (((_vector_spacing == 0x0) || (SIZEOF (.vector_26) <= (_vector_spacing << 0x5))), function at exception vector 26 too large)

.vector_27      0x9fc01560        0x8
 *(.vector_27)
 .vector_27     0x9fc01560        0x8 /Applications/microchip/xc32/v1.42/bin/bin/../../lib/gcc/pic32mx/4.8.3/../../../../pic32mx/lib/libpic32.a(vector27.o)
                0x9fc01560                __vector_dispatch_27
                0x00000001                ASSERT (((_vector_spacing == 0x0) || (SIZEOF (.vector_27) <= (_vector_spacing << 0x5))), function at exception vector 27 too large)

.vector_28      0x9fc01580        0x8
 *(.vector_28)
 .vector_28     0x9fc01580        0x8 /Applications/microchip/xc32/v1.42/bin/bin/../../lib/gcc/pic32mx/4.8.3/../../../../pic32mx/lib/libpic32.a(vector28.o)
                0x9fc01580                __vector_dispatch_28
                0x00000001                ASSERT (((_vector_spacing == 0x0) || (SIZEOF (.vector_28) <= (_vector_spacing << 0x5))), function at exception vector 28 too large)

.vector_29      0x9fc015a0        0x8
 *(.vector_29)
 .vector_29     0x9fc015a0        0x8 /Applications/microchip/xc32/v1.42/bin/bin/../../lib/gcc/pic32mx/4.8.3/../../../../pic32mx/lib/libpic32.a(vector29.o)
                0x9fc015a0                __vector_dispatch_29
                0x00000001                ASSERT (((_vector_spacing == 0x0) || (SIZEOF (.vector_29) <= (_vector_spacing << 0x5))), function at exception vector 29 too large)

.vector_30      0x9fc015c0        0x8
 *(.vector_30)
 .vector_30     0x9fc015c0        0x8 /Applications/microchip/xc32/v1.42/bin/bin/../../lib/gcc/pic32mx/4.8.3/../../../../pic32mx/lib/libpic32.a(vector30.o)
                0x9fc015c0                __vector_dispatch_30
                0x00000001                ASSERT (((_vector_spacing == 0x0) || (SIZEOF (.vector_30) <= (_vector_spacing << 0x5))), function at exception vector 30 too large)

.vector_31      0x9fc015e0        0x8
 *(.vector_31)
 .vector_31     0x9fc015e0        0x8 /Applications/microchip/xc32/v1.42/bin/bin/../../lib/gcc/pic32mx/4.8.3/../../../../pic32mx/lib/libpic32.a(vector31.o)
                0x9fc015e0                __vector_dispatch_31
                0x00000001                ASSERT (((_vector_spacing == 0x0) || (SIZEOF (.vector_31) <= (_vector_spacing << 0x5))), function at exception vector 31 too large)

.vector_32      0x9fc01600        0x8
 *(.vector_32)
 .vector_32     0x9fc01600        0x8 /Applications/microchip/xc32/v1.42/bin/bin/../../lib/gcc/pic32mx/4.8.3/../../../../pic32mx/lib/libpic32.a(vector32.o)
                0x9fc01600                __vector_dispatch_32
                0x00000001                ASSERT (((_vector_spacing == 0x0) || (SIZEOF (.vector_32) <= (_vector_spacing << 0x5))), function at exception vector 32 too large)

.vector_33      0x9fc01620        0x8
 *(.vector_33)
 .vector_33     0x9fc01620        0x8 /Applications/microchip/xc32/v1.42/bin/bin/../../lib/gcc/pic32mx/4.8.3/../../../../pic32mx/lib/libpic32.a(vector33.o)
                0x9fc01620                __vector_dispatch_33
                0x00000001                ASSERT (((_vector_spacing == 0x0) || (SIZEOF (.vector_33) <= (_vector_spacing << 0x5))), function at exception vector 33 too large)

.vector_34      0x9fc01640        0x8
 *(.vector_34)
 .vector_34     0x9fc01640        0x8 /Applications/microchip/xc32/v1.42/bin/bin/../../lib/gcc/pic32mx/4.8.3/../../../../pic32mx/lib/libpic32.a(vector34.o)
                0x9fc01640                __vector_dispatch_34
                0x00000001                ASSERT (((_vector_spacing == 0x0) || (SIZEOF (.vector_34) <= (_vector_spacing << 0x5))), function at exception vector 34 too large)

.vector_35      0x9fc01660        0x8
 *(.vector_35)
 .vector_35     0x9fc01660        0x8 /Applications/microchip/xc32/v1.42/bin/bin/../../lib/gcc/pic32mx/4.8.3/../../../../pic32mx/lib/libpic32.a(vector35.o)
                0x9fc01660                __vector_dispatch_35
                0x00000001                ASSERT (((_vector_spacing == 0x0) || (SIZEOF (.vector_35) <= (_vector_spacing << 0x5))), function at exception vector 35 too large)

.vector_36      0x9fc01680        0x8
 *(.vector_36)
 .vector_36     0x9fc01680        0x8 /Applications/microchip/xc32/v1.42/bin/bin/../../lib/gcc/pic32mx/4.8.3/../../../../pic32mx/lib/libpic32.a(vector36.o)
                0x9fc01680                __vector_dispatch_36
                0x00000001                ASSERT (((_vector_spacing == 0x0) || (SIZEOF (.vector_36) <= (_vector_spacing << 0x5))), function at exception vector 36 too large)

.vector_37      0x9fc016a0        0x8
 *(.vector_37)
 .vector_37     0x9fc016a0        0x8 /Applications/microchip/xc32/v1.42/bin/bin/../../lib/gcc/pic32mx/4.8.3/../../../../pic32mx/lib/libpic32.a(vector37.o)
                0x9fc016a0                __vector_dispatch_37
                0x00000001                ASSERT (((_vector_spacing == 0x0) || (SIZEOF (.vector_37) <= (_vector_spacing << 0x5))), function at exception vector 37 too large)

.vector_38      0x9fc016c0        0x8
 *(.vector_38)
 .vector_38     0x9fc016c0        0x8 /Applications/microchip/xc32/v1.42/bin/bin/../../lib/gcc/pic32mx/4.8.3/../../../../pic32mx/lib/libpic32.a(vector38.o)
                0x9fc016c0                __vector_dispatch_38
                0x00000001                ASSERT (((_vector_spacing == 0x0) || (SIZEOF (.vector_38) <= (_vector_spacing << 0x5))), function at exception vector 38 too large)

.vector_39      0x9fc016e0        0x8
 *(.vector_39)
 .vector_39     0x9fc016e0        0x8 /Applications/microchip/xc32/v1.42/bin/bin/../../lib/gcc/pic32mx/4.8.3/../../../../pic32mx/lib/libpic32.a(vector39.o)
                0x9fc016e0                __vector_dispatch_39
                0x00000001                ASSERT (((_vector_spacing == 0x0) || (SIZEOF (.vector_39) <= (_vector_spacing << 0x5))), function at exception vector 39 too large)

.vector_40      0x9fc01700        0x8
 *(.vector_40)
 .vector_40     0x9fc01700        0x8 /Applications/microchip/xc32/v1.42/bin/bin/../../lib/gcc/pic32mx/4.8.3/../../../../pic32mx/lib/libpic32.a(vector40.o)
                0x9fc01700                __vector_dispatch_40
                0x00000001                ASSERT (((_vector_spacing == 0x0) || (SIZEOF (.vector_40) <= (_vector_spacing << 0x5))), function at exception vector 40 too large)

.vector_41      0x9fc01720        0x8
 *(.vector_41)
 .vector_41     0x9fc01720        0x8 /Applications/microchip/xc32/v1.42/bin/bin/../../lib/gcc/pic32mx/4.8.3/../../../../pic32mx/lib/libpic32.a(vector41.o)
                0x9fc01720                __vector_dispatch_41
                0x00000001                ASSERT (((_vector_spacing == 0x0) || (SIZEOF (.vector_41) <= (_vector_spacing << 0x5))), function at exception vector 41 too large)

.vector_42      0x9fc01740        0x8
 *(.vector_42)
 .vector_42     0x9fc01740        0x8 /Applications/microchip/xc32/v1.42/bin/bin/../../lib/gcc/pic32mx/4.8.3/../../../../pic32mx/lib/libpic32.a(vector42.o)
                0x9fc01740                __vector_dispatch_42
                0x00000001                ASSERT (((_vector_spacing == 0x0) || (SIZEOF (.vector_42) <= (_vector_spacing << 0x5))), function at exception vector 42 too large)

.vector_43      0x9fc01760        0x8
 *(.vector_43)
 .vector_43     0x9fc01760        0x8 /Applications/microchip/xc32/v1.42/bin/bin/../../lib/gcc/pic32mx/4.8.3/../../../../pic32mx/lib/libpic32.a(vector43.o)
                0x9fc01760                __vector_dispatch_43
                0x00000001                ASSERT (((_vector_spacing == 0x0) || (SIZEOF (.vector_43) <= (_vector_spacing << 0x5))), function at exception vector 43 too large)

.vector_44      0x9fc01780        0x8
 *(.vector_44)
 .vector_44     0x9fc01780        0x8 /Applications/microchip/xc32/v1.42/bin/bin/../../lib/gcc/pic32mx/4.8.3/../../../../pic32mx/lib/libpic32.a(vector44.o)
                0x9fc01780                __vector_dispatch_44
                0x00000001                ASSERT (((_vector_spacing == 0x0) || (SIZEOF (.vector_44) <= (_vector_spacing << 0x5))), function at exception vector 44 too large)

.vector_45      0x9fc017a0        0x8
 *(.vector_45)
 .vector_45     0x9fc017a0        0x8 /Applications/microchip/xc32/v1.42/bin/bin/../../lib/gcc/pic32mx/4.8.3/../../../../pic32mx/lib/libpic32.a(vector45.o)
                0x9fc017a0                __vector_dispatch_45
                0x00000001                ASSERT (((_vector_spacing == 0x0) || (SIZEOF (.vector_45) <= (_vector_spacing << 0x5))), function at exception vector 45 too large)

.vector_46      0x9fc017c0        0x0
 *(.vector_46)
                0x00000001                ASSERT (((_vector_spacing == 0x0) || (SIZEOF (.vector_46) <= (_vector_spacing << 0x5))), function at exception vector 46 too large)

.vector_47      0x9fc017e0        0x0
 *(.vector_47)
                0x00000001                ASSERT (((_vector_spacing == 0x0) || (SIZEOF (.vector_47) <= (_vector_spacing << 0x5))), function at exception vector 47 too large)

.vector_48      0x9fc01800        0x0
 *(.vector_48)
                0x00000001                ASSERT (((_vector_spacing == 0x0) || (SIZEOF (.vector_48) <= (_vector_spacing << 0x5))), function at exception vector 48 too large)

.vector_49      0x9fc01820        0x0
 *(.vector_49)
                0x00000001                ASSERT (((_vector_spacing == 0x0) || (SIZEOF (.vector_49) <= (_vector_spacing << 0x5))), function at exception vector 49 too large)

.vector_50      0x9fc01840        0x0
 *(.vector_50)
                0x00000001                ASSERT (((_vector_spacing == 0x0) || (SIZEOF (.vector_50) <= (_vector_spacing << 0x5))), function at exception vector 50 too large)

.vector_51      0x9fc01860        0x0
 *(.vector_51)
                0x00000001                ASSERT (((_vector_spacing == 0x0) || (SIZEOF (.vector_51) <= (_vector_spacing << 0x5))), function at exception vector 51 too large)

.vector_52      0x9fc01880        0x0
 *(.vector_52)
                0x00000001                ASSERT (((_vector_spacing == 0x0) || (SIZEOF (.vector_52) <= (_vector_spacing << 0x5))), function at exception vector 52 too large)

.vector_53      0x9fc018a0        0x0
 *(.vector_53)
                0x00000001                ASSERT (((_vector_spacing == 0x0) || (SIZEOF (.vector_53) <= (_vector_spacing << 0x5))), function at exception vector 53 too large)

.vector_54      0x9fc018c0        0x0
 *(.vector_54)
                0x00000001                ASSERT (((_vector_spacing == 0x0) || (SIZEOF (.vector_54) <= (_vector_spacing << 0x5))), function at exception vector 54 too large)

.vector_55      0x9fc018e0        0x0
 *(.vector_55)
                0x00000001                ASSERT (((_vector_spacing == 0x0) || (SIZEOF (.vector_55) <= (_vector_spacing << 0x5))), function at exception vector 55 too large)

.vector_56      0x9fc01900        0x0
 *(.vector_56)
                0x00000001                ASSERT (((_vector_spacing == 0x0) || (SIZEOF (.vector_56) <= (_vector_spacing << 0x5))), function at exception vector 56 too large)

.vector_57      0x9fc01920        0x0
 *(.vector_57)
                0x00000001                ASSERT (((_vector_spacing == 0x0) || (SIZEOF (.vector_57) <= (_vector_spacing << 0x5))), function at exception vector 57 too large)

.vector_58      0x9fc01940        0x0
 *(.vector_58)
                0x00000001                ASSERT (((_vector_spacing == 0x0) || (SIZEOF (.vector_58) <= (_vector_spacing << 0x5))), function at exception vector 58 too large)

.vector_59      0x9fc01960        0x0
 *(.vector_59)
                0x00000001                ASSERT (((_vector_spacing == 0x0) || (SIZEOF (.vector_59) <= (_vector_spacing << 0x5))), function at exception vector 59 too large)

.vector_60      0x9fc01980        0x0
 *(.vector_60)
                0x00000001                ASSERT (((_vector_spacing == 0x0) || (SIZEOF (.vector_60) <= (_vector_spacing << 0x5))), function at exception vector 60 too large)

.vector_61      0x9fc019a0        0x0
 *(.vector_61)
                0x00000001                ASSERT (((_vector_spacing == 0x0) || (SIZEOF (.vector_61) <= (_vector_spacing << 0x5))), function at exception vector 61 too large)

.vector_62      0x9fc019c0        0x0
 *(.vector_62)
                0x00000001                ASSERT (((_vector_spacing == 0x0) || (SIZEOF (.vector_62) <= (_vector_spacing << 0x5))), function at exception vector 62 too large)

.vector_63      0x9fc019e0        0x0
 *(.vector_63)
                0x00000001                ASSERT (((_vector_spacing == 0x0) || (SIZEOF (.vector_63) <= (_vector_spacing << 0x5))), function at exception vector 63 too large)

.startup
 *(.startup)

.text           0x9d000000        0x0
 *(.stub .gnu.linkonce.t.*)
 *(.text.*personality*)
 *(.mips16.fn.*)
 *(.mips16.call.*)
 *(.gnu.warning)
                0x9d000000                . = ALIGN (0x4)

.init           0x9d000000        0x0
 *crti.o(.init)
 *crtbegin.o(.init)
 *(EXCLUDE_FILE(*crtn.o *crtend?.o *crtend.o) .init)
 *crtend.o(.init)
 *crtn.o(.init)
                0x9d000000                . = ALIGN (0x4)

.fini           0x9d000000        0x0
 *(.fini)
                0x9d000000                . = ALIGN (0x4)

.preinit_array  0x9d000000        0x0
                0x9d000000                PROVIDE (__preinit_array_start, .)
 *(.preinit_array)
                0x9d000000                PROVIDE (__preinit_array_end, .)
                0x9d000000                . = ALIGN (0x4)

.init_array     0x9d000000        0x0
                0x9d000000                PROVIDE (__init_array_start, .)
 *(SORT(.init_array.*))
 *(.init_array)
                0x9d000000                PROVIDE (__init_array_end, .)
                0x9d000000                . = ALIGN (0x4)

.fini_array     0x9d000000        0x0
                0x9d000000                PROVIDE (__fini_array_start, .)
 *(SORT(.fini_array.*))
 *(.fini_array)
                0x9d000000                PROVIDE (__fini_array_end, .)
                0x9d000000                . = ALIGN (0x4)

.ctors          0x9d000000        0x0
 *crtbegin.o(.ctors)
 *crtbegin?.o(.ctors)
 *(EXCLUDE_FILE(*crtend?.o *crtend.o) .ctors)
 *(SORT(.ctors.*))
 *(.ctors)
                0x9d000000                . = ALIGN (0x4)

.dtors          0x9d000000        0x0
 *crtbegin.o(.dtors)
 *crtbegin?.o(.dtors)
 *(EXCLUDE_FILE(*crtend?.o *crtend.o) .dtors)
 *(SORT(.dtors.*))
 *(.dtors)
                0x9d000000                . = ALIGN (0x4)

.rodata         0x9d000000        0x0
 *(.gnu.linkonce.r.*)
 *(.rodata1)
                0x9d000000                . = ALIGN (0x4)

.sdata2         0x9fc00490        0x0
 *(.sdata2 .sdata2.* .gnu.linkonce.s2.*)
                0x9fc00490                . = ALIGN (0x4)

.sbss2          0x9fc00490        0x0
 *(.sbss2 .sbss2.* .gnu.linkonce.sb2.*)
                0x9fc00490                . = ALIGN (0x4)

.eh_frame_hdr
 *(.eh_frame_hdr)
                0x9fc00490                . = ALIGN (0x4)

.eh_frame
 *(.eh_frame)
                0x9fc00490                . = ALIGN (0x4)

.gcc_except_table
 *(.gcc_except_table .gcc_except_table.*)
                0x9fc00490                . = ALIGN (0x4)

.dbg_data       0xa0000000        0x0
                0xa0000000                . = (. + DEFINED (_DEBUGGER)?0x200:0x0)

.jcr            0xa0000000        0x0
 *(.jcr)
                0xa0000000                . = ALIGN (0x4)

.eh_frame
 *(.eh_frame)
                0xa0000000                . = ALIGN (0x4)

.gcc_except_table
 *(.gcc_except_table .gcc_except_table.*)
                0xa0000000                . = ALIGN (0x4)

.persist        0xa0000000        0x0
                0xa0000000                _persist_begin = .
 *(.persist .persist.*)
 *(.pbss .pbss.*)
                0xa0000000                . = ALIGN (0x4)
                0xa0000000                _persist_end = .

.data           0xa0000000        0x0
 *(.gnu.linkonce.d.*)
 *(.data1)
                0xa0000000                . = ALIGN (0x4)
                0xa0000000                . = .
                0xa0007ff0                _gp = (ALIGN (0x10) + 0x7ff0)

.got            0xa0000000        0x0
 *(.got.plt)
 *(.got)
                0xa0000000                . = ALIGN (0x4)

.sdata          0xa0000000        0x8
                0xa0000000                _sdata_begin = .
 *(.sdata .sdata.* .gnu.linkonce.s.*)
 .sdata         0xa0000000        0x2 build/default/production/drivers/motors.o
 .sdata         0xa0000002        0x1 build/default/production/sources/main.o
                0xa0000002                btn1released
 *fill*         0xa0000003        0x1 
 .sdata         0xa0000004        0x4 /Applications/microchip/xc32/v1.42/bin/bin/../../lib/gcc/pic32mx/4.8.3/../../../../pic32mx/lib/libpic32.a(xc32_uart.o)
                0xa0000004                __XC_UART
                0xa0000008                . = ALIGN (0x4)
                0xa0000008                _sdata_end = .

.lit8
 *(.lit8)

.lit4
 *(.lit4)
                0xa0000008                . = ALIGN (0x4)
                0xa0000008                _data_end = .
                0xa0000008                _bss_begin = .

.sbss           0xa0000008       0x9c
                0xa0000008                _sbss_begin = .
 *(.dynsbss)
 *(.sbss .sbss.* .gnu.linkonce.sb.*)
 .sbss          0xa0000008        0x2 build/default/production/drivers/analogInputs.o
 *fill*         0xa000000a        0x2 
 .sbss          0xa000000c        0x8 build/default/production/drivers/interrupts.o
 .sbss          0xa0000014       0x2c build/default/production/drivers/motors.o
                0xa0000038                t2CountIC2
                0xa000003c                t2CountIC3
 .sbss          0xa0000040        0x1 build/default/production/drivers/scope.o
                0xa0000040                scopeUsed
 *fill*         0xa0000041        0x1 
 .sbss          0xa0000042        0x4 build/default/production/drivers/servo.o
 .sbss          0xa0000046        0x3 build/default/production/sources/main.o
                0xa0000046                cs
                0xa0000047                s
                0xa0000048                min
 *(.scommon)
 *fill*         0xa0000049        0x1 
 .scommon       0xa000004a        0x2 build/default/production/drivers/databk.o
                0xa000004a                pointer
 .scommon       0xa000004c        0x4 build/default/production/drivers/delay.o
                0xa000004c                msCount
 .scommon       0xa0000050       0x14 build/default/production/drivers/OledChar.o
                0xa0000050                xchOledMax
                0xa0000054                xchOledCur
                0xa0000058                ychOledCur
                0xa000005c                pbOledFontExt
                0xa0000060                ychOledMax
 .scommon       0xa0000064        0x8 build/default/production/drivers/OledGrph.o
                0xa0000064                modOledCur
                0xa0000068                pfnDoRop
 .scommon       0xa000006c       0x2c build/default/production/drivers/PmodOLED.o
                0xa000006c                ycoOledCur
                0xa0000070                xcoOledCur
                0xa0000074                pbOledCur
                0xa0000078                pbOledPatCur
                0xa000007c                pbOledFontCur
                0xa0000080                dycoOledFontCur
                0xa0000084                dxcoOledFontCur
                0xa0000088                fOledCharUpdate
                0xa000008c                clrOledCur
                0xa0000090                pbOledFontUser
                0xa0000094                bnOledCur
 .scommon       0xa0000098        0xa build/default/production/sources/main.o
                0xa0000098                d1
                0xa000009a                d2
                0xa000009c                d4
                0xa000009e                start
                0xa00000a0                d3
                0xa00000a2                _sbss_end = .
                0xa00000a4                . = ALIGN (0x4)
 *fill*         0xa00000a2        0x2 

.bss            0xa00000a4      0x3cc
 *(.dynbss)
 *(COMMON)
 COMMON         0xa00000a4       0xb4 build/default/production/drivers/databk.o
                0xa00000a4                dataTable
 COMMON         0xa0000158       0x18 build/default/production/drivers/interrupts.o
                0xa0000158                scopeVariables
 COMMON         0xa0000170      0x100 build/default/production/drivers/OledChar.o
                0xa0000170                rgbOledFontUser
 COMMON         0xa0000270      0x200 build/default/production/drivers/PmodOLED.o
                0xa0000270                rgbOledBmp
                0xa0000470                . = ALIGN ((. != 0x0)?0x4:0x1)
                0xa0000470                . = ALIGN (0x4)
                0xa0000470                _end = .
                0xa0000470                _bss_end = .
                0x00008000                _bmxdudba_address = 0x8000
                0x00008000                _bmxdupba_address = 0x8000

/DISCARD/
 *(.pdr)
 *(.rel.dyn)
 *(.note.GNU-stack)
 *(.note.GNU-stack)
 *(.gnu_debuglink)
 *(.gnu.lto_*)
 *(.discard)

.gptab.sdata
 *(.gptab.data)
 *(.gptab.sdata)

.gptab.sbss
 *(.gptab.bss)
 *(.gptab.sbss)

.mdebug.abi32   0xa0000470        0x0
 *(.mdebug.abi32)
 .mdebug.abi32  0xa0000470        0x0 build/default/production/drivers/acl.o
 .mdebug.abi32  0xa0000470        0x0 build/default/production/drivers/analogInputs.o
 .mdebug.abi32  0xa0000470        0x0 build/default/production/drivers/ChrFont0.o
 .mdebug.abi32  0xa0000470        0x0 build/default/production/drivers/ClpLib.o
 .mdebug.abi32  0xa0000470        0x0 build/default/production/drivers/databk.o
 .mdebug.abi32  0xa0000470        0x0 build/default/production/drivers/delay.o
 .mdebug.abi32  0xa0000470        0x0 build/default/production/drivers/FillPat.o
 .mdebug.abi32  0xa0000470        0x0 build/default/production/drivers/interrupts.o
 .mdebug.abi32  0xa0000470        0x0 build/default/production/drivers/motors.o
 .mdebug.abi32  0xa0000470        0x0 build/default/production/drivers/mx4.o
 .mdebug.abi32  0xa0000470        0x0 build/default/production/drivers/OledChar.o
 .mdebug.abi32  0xa0000470        0x0 build/default/production/drivers/OledGrph.o
 .mdebug.abi32  0xa0000470        0x0 build/default/production/drivers/Pmod8leds.o
 .mdebug.abi32  0xa0000470        0x0 build/default/production/drivers/PmodBTN.o
 .mdebug.abi32  0xa0000470        0x0 build/default/production/drivers/PmodCLP.o
 .mdebug.abi32  0xa0000470        0x0 build/default/production/drivers/PmodMAXSONAR.o
 .mdebug.abi32  0xa0000470        0x0 build/default/production/drivers/PmodOLED.o
 .mdebug.abi32  0xa0000470        0x0 build/default/production/drivers/PmodSSD.o
 .mdebug.abi32  0xa0000470        0x0 build/default/production/drivers/PmodTMP3.o
 .mdebug.abi32  0xa0000470        0x0 build/default/production/drivers/scope.o
 .mdebug.abi32  0xa0000470        0x0 build/default/production/drivers/servo.o
 .mdebug.abi32  0xa0000470        0x0 build/default/production/drivers/PmodLS1.o
 .mdebug.abi32  0xa0000470        0x0 build/default/production/drivers/PmodIR_Range.o
 .mdebug.abi32  0xa0000470        0x0 build/default/production/drivers/PmodJSTK.o
 .mdebug.abi32  0xa0000470        0x0 build/default/production/sources/main.o
 .mdebug.abi32  0xa0000470        0x0 ./plib/pic32mx/lib/libmchp_peripheral_32MX460F512L.a(int_enable_interrupts_lib.o)
 .mdebug.abi32  0xa0000470        0x0 ./plib/pic32mx/lib/libmchp_peripheral_32MX460F512L.a(int_enable_mv_int_lib.o)
 .mdebug.abi32  0xa0000470        0x0 ./plib/pic32mx/lib/libmchp_peripheral_32MX460F512L.a(int_tbl_lib.o)
 .mdebug.abi32  0xa0000470        0x0 ./plib/pic32mx/lib/libmchp_peripheral_32MX460F512L.a(read_capture2_lib.o)
 .mdebug.abi32  0xa0000470        0x0 ./plib/pic32mx/lib/libmchp_peripheral_32MX460F512L.a(read_capture3_lib.o)
 .mdebug.abi32  0xa0000470        0x0 ./plib/pic32mx/lib/libmchp_peripheral_32MX460F512L.a(spi_chn_putc_lib.o)
 .mdebug.abi32  0xa0000470        0x0 ./plib/pic32mx/lib/libmchp_peripheral_32MX460F512L.a(spi_map_tbl_libp.o)
 .mdebug.abi32  0xa0000470        0x0 ./plib/pic32mx/lib/libmchp_peripheral_32MX460F512L.a(port_set_pins_digital_out_lib.o)
 .mdebug.abi32  0xa0000470        0x0 ./plib/pic32mx/lib/libmchp_peripheral_32MX460F512L.a(port_clear_bits_lib.o)
 .mdebug.abi32  0xa0000470        0x0 ./plib/pic32mx/lib/libmchp_peripheral_32MX460F512L.a(port_set_bits_lib.o)
 .mdebug.abi32  0xa0000470        0x0 ./plib/pic32mx/lib/libmchp_peripheral_32MX460F512L.a(_ports_tbl_libp.o)
 .mdebug.abi32  0xa0000470        0x0 ./plib/pic32mx/lib/libmchp_peripheral_32MX460F512L.a(puts_uartx_lib_legacy.o)
 .mdebug.abi32  0xa0000470        0x0 ./plib/pic32mx/lib/libmchp_peripheral_32MX460F512L.a(idle_i2c1_lib_legacy.o)
 .mdebug.abi32  0xa0000470        0x0 ./plib/pic32mx/lib/libmchp_peripheral_32MX460F512L.a(master_read_i2c1_lib_legacy.o)
 .mdebug.abi32  0xa0000470        0x0 ./plib/pic32mx/lib/libmchp_peripheral_32MX460F512L.a(master_write_i2c1_lib_legacy.o)
 .mdebug.abi32  0xa0000470        0x0 /Applications/microchip/xc32/v1.42/bin/bin/../../lib/gcc/pic32mx/4.8.3/../../../../pic32mx/lib/libpic32.a(default-bootstrap-exception-handler.o)
 .mdebug.abi32  0xa0000470        0x0 /Applications/microchip/xc32/v1.42/bin/bin/../../lib/gcc/pic32mx/4.8.3/../../../../pic32mx/lib/libpic32.a(default-on-reset.o)
 .mdebug.abi32  0xa0000470        0x0 /Applications/microchip/xc32/v1.42/bin/bin/../../lib/gcc/pic32mx/4.8.3/../../../../pic32mx/lib/libpic32.a(default-on-bootstrap.o)
 .mdebug.abi32  0xa0000470        0x0 /Applications/microchip/xc32/v1.42/bin/bin/../../lib/gcc/pic32mx/4.8.3/../../../../pic32mx/lib/libpic32.a(default-general-exception-handler.o)
 .mdebug.abi32  0xa0000470        0x0 /Applications/microchip/xc32/v1.42/bin/bin/../../lib/gcc/pic32mx/4.8.3/../../../../pic32mx/lib/libpic32.a(defaultinterrupt.o)
 .mdebug.abi32  0xa0000470        0x0 /Applications/microchip/xc32/v1.42/bin/bin/../../lib/gcc/pic32mx/4.8.3/../../../../pic32mx/lib/libc.a(sprintf_cdnopuxX.eo)
 .mdebug.abi32  0xa0000470        0x0 /Applications/microchip/xc32/v1.42/bin/bin/../../lib/gcc/pic32mx/4.8.3/../../../../pic32mx/lib/libc.a(doprnt_cdnopuxX.eo)
 .mdebug.abi32  0xa0000470        0x0 /Applications/microchip/xc32/v1.42/bin/bin/../../lib/gcc/pic32mx/4.8.3/../../../../pic32mx/lib/libc.a(_fputc_simple.o)
 .mdebug.abi32  0xa0000470        0x0 /Applications/microchip/xc32/v1.42/bin/bin/../../lib/gcc/pic32mx/4.8.3/../../../../pic32mx/lib/libc.a(ctype.o)
 .mdebug.abi32  0xa0000470        0x0 /Applications/microchip/xc32/v1.42/bin/bin/../../lib/gcc/pic32mx/4.8.3/../../../../pic32mx/lib/libc.a(_iob.o)
 .mdebug.abi32  0xa0000470        0x0 /Applications/microchip/xc32/v1.42/bin/bin/../../lib/gcc/pic32mx/4.8.3/../../../../pic32mx/lib/libc.a(_flsbuf_simple.o)
 .mdebug.abi32  0xa0000470        0x0 /Applications/microchip/xc32/v1.42/bin/bin/../../lib/gcc/pic32mx/4.8.3/../../../../pic32mx/lib/libpic32.a(write.o)
 .mdebug.abi32  0xa0000470        0x0 /Applications/microchip/xc32/v1.42/bin/bin/../../lib/gcc/pic32mx/4.8.3/../../../../pic32mx/lib/libpic32.a(_mon_putc.o)
 .mdebug.abi32  0xa0000470        0x0 /Applications/microchip/xc32/v1.42/bin/bin/../../lib/gcc/pic32mx/4.8.3/../../../../pic32mx/lib/libpic32.a(xc32_uart.o)
 .mdebug.abi32  0xa0000470        0x0 /Applications/microchip/xc32/v1.42/bin/bin/../../lib/gcc/pic32mx/4.8.3/libgcc.a(_udivdi3.o)
 .mdebug.abi32  0xa0000470        0x0 /Applications/microchip/xc32/v1.42/bin/bin/../../lib/gcc/pic32mx/4.8.3/libgcc.a(_umoddi3.o)

.mdebug.abiN32
 *(.mdebug.abiN32)

.mdebug.abi64
 *(.mdebug.abi64)

.mdebug.abiO64
 *(.mdebug.abiO64)

.mdebug.eabi32
 *(.mdebug.eabi32)

.mdebug.eabi64
 *(.mdebug.eabi64)

.gcc_compiled_long32
 *(.gcc_compiled_long32)

.gcc_compiled_long64
 *(.gcc_compiled_long64)

.stab
 *(.stab)

.stabstr
 *(.stabstr)

.stab.excl
 *(.stab.excl)

.stab.exclstr
 *(.stab.exclstr)

.stab.index
 *(.stab.index)

.stab.indexstr
 *(.stab.indexstr)

.comment        0x00000000       0xdf
 *(.comment)
 .comment       0x00000000       0x3c build/default/production/drivers/acl.o
                                 0x3d (size before relaxing)
 .comment       0x00000000       0x3d build/default/production/drivers/analogInputs.o
 .comment       0x00000000       0x3d build/default/production/drivers/ChrFont0.o
 .comment       0x00000000       0x3d build/default/production/drivers/ClpLib.o
 .comment       0x00000000       0x3d build/default/production/drivers/databk.o
 .comment       0x00000000       0x3d build/default/production/drivers/delay.o
 .comment       0x00000000       0x3d build/default/production/drivers/FillPat.o
 .comment       0x00000000       0x3d build/default/production/drivers/interrupts.o
 .comment       0x00000000       0x3d build/default/production/drivers/motors.o
 .comment       0x00000000       0x3d build/default/production/drivers/mx4.o
 .comment       0x00000000       0x3d build/default/production/drivers/OledChar.o
 .comment       0x00000000       0x3d build/default/production/drivers/OledGrph.o
 .comment       0x00000000       0x3d build/default/production/drivers/Pmod8leds.o
 .comment       0x00000000       0x3d build/default/production/drivers/PmodBTN.o
 .comment       0x00000000       0x3d build/default/production/drivers/PmodCLP.o
 .comment       0x00000000       0x3d build/default/production/drivers/PmodMAXSONAR.o
 .comment       0x00000000       0x3d build/default/production/drivers/PmodOLED.o
 .comment       0x00000000       0x3d build/default/production/drivers/PmodSSD.o
 .comment       0x00000000       0x3d build/default/production/drivers/PmodTMP3.o
 .comment       0x00000000       0x3d build/default/production/drivers/scope.o
 .comment       0x00000000       0x3d build/default/production/drivers/servo.o
 .comment       0x00000000       0x3d build/default/production/drivers/PmodLS1.o
 .comment       0x00000000       0x3d build/default/production/drivers/PmodIR_Range.o
 .comment       0x00000000       0x3d build/default/production/drivers/PmodJSTK.o
 .comment       0x00000000       0x3d build/default/production/sources/main.o
 .comment       0x0000003c       0x3c ./plib/pic32mx/lib/libmchp_peripheral_32MX460F512L.a(int_enable_interrupts_lib.o)
                                 0x3d (size before relaxing)
 .comment       0x00000000       0x3d ./plib/pic32mx/lib/libmchp_peripheral_32MX460F512L.a(int_enable_mv_int_lib.o)
 .comment       0x00000000       0x3d ./plib/pic32mx/lib/libmchp_peripheral_32MX460F512L.a(int_tbl_lib.o)
 .comment       0x00000000       0x3d ./plib/pic32mx/lib/libmchp_peripheral_32MX460F512L.a(read_capture2_lib.o)
 .comment       0x00000000       0x3d ./plib/pic32mx/lib/libmchp_peripheral_32MX460F512L.a(read_capture3_lib.o)
 .comment       0x00000000       0x3d ./plib/pic32mx/lib/libmchp_peripheral_32MX460F512L.a(spi_chn_putc_lib.o)
 .comment       0x00000000       0x3d ./plib/pic32mx/lib/libmchp_peripheral_32MX460F512L.a(spi_map_tbl_libp.o)
 .comment       0x00000000       0x3d ./plib/pic32mx/lib/libmchp_peripheral_32MX460F512L.a(port_set_pins_digital_out_lib.o)
 .comment       0x00000000       0x3d ./plib/pic32mx/lib/libmchp_peripheral_32MX460F512L.a(port_clear_bits_lib.o)
 .comment       0x00000000       0x3d ./plib/pic32mx/lib/libmchp_peripheral_32MX460F512L.a(port_set_bits_lib.o)
 .comment       0x00000000       0x3d ./plib/pic32mx/lib/libmchp_peripheral_32MX460F512L.a(_ports_tbl_libp.o)
 .comment       0x00000000       0x3d ./plib/pic32mx/lib/libmchp_peripheral_32MX460F512L.a(puts_uartx_lib_legacy.o)
 .comment       0x00000000       0x3d ./plib/pic32mx/lib/libmchp_peripheral_32MX460F512L.a(idle_i2c1_lib_legacy.o)
 .comment       0x00000000       0x3d ./plib/pic32mx/lib/libmchp_peripheral_32MX460F512L.a(master_read_i2c1_lib_legacy.o)
 .comment       0x00000000       0x3d ./plib/pic32mx/lib/libmchp_peripheral_32MX460F512L.a(master_write_i2c1_lib_legacy.o)
 .comment       0x00000078       0x19 /Applications/microchip/xc32/v1.42/bin/bin/../../lib/gcc/pic32mx/4.8.3/../../../../pic32mx/lib/libpic32.a(strlen.o)
                                 0x1a (size before relaxing)
 .comment       0x00000000       0x3d /Applications/microchip/xc32/v1.42/bin/bin/../../lib/gcc/pic32mx/4.8.3/../../../../pic32mx/lib/libpic32.a(default-bootstrap-exception-handler.o)
 .comment       0x00000000       0x3d /Applications/microchip/xc32/v1.42/bin/bin/../../lib/gcc/pic32mx/4.8.3/../../../../pic32mx/lib/libpic32.a(default-on-reset.o)
 .comment       0x00000000       0x3d /Applications/microchip/xc32/v1.42/bin/bin/../../lib/gcc/pic32mx/4.8.3/../../../../pic32mx/lib/libpic32.a(default-on-bootstrap.o)
 .comment       0x00000000       0x3d /Applications/microchip/xc32/v1.42/bin/bin/../../lib/gcc/pic32mx/4.8.3/../../../../pic32mx/lib/libpic32.a(default-general-exception-handler.o)
 .comment       0x00000000       0x3d /Applications/microchip/xc32/v1.42/bin/bin/../../lib/gcc/pic32mx/4.8.3/../../../../pic32mx/lib/libpic32.a(defaultinterrupt.o)
 .comment       0x00000000       0x3d /Applications/microchip/xc32/v1.42/bin/bin/../../lib/gcc/pic32mx/4.8.3/../../../../pic32mx/lib/libc.a(sprintf_cdnopuxX.eo)
 .comment       0x00000000       0x3d /Applications/microchip/xc32/v1.42/bin/bin/../../lib/gcc/pic32mx/4.8.3/../../../../pic32mx/lib/libc.a(doprnt_cdnopuxX.eo)
 .comment       0x00000000       0x3d /Applications/microchip/xc32/v1.42/bin/bin/../../lib/gcc/pic32mx/4.8.3/../../../../pic32mx/lib/libc.a(_fputc_simple.o)
 .comment       0x00000091       0x4e /Applications/microchip/xc32/v1.42/bin/bin/../../lib/gcc/pic32mx/4.8.3/../../../../pic32mx/lib/libc.a(ctype.o)
                                 0x8b (size before relaxing)
 .comment       0x00000000       0x3d /Applications/microchip/xc32/v1.42/bin/bin/../../lib/gcc/pic32mx/4.8.3/../../../../pic32mx/lib/libc.a(_iob.o)
 .comment       0x00000000       0x3d /Applications/microchip/xc32/v1.42/bin/bin/../../lib/gcc/pic32mx/4.8.3/../../../../pic32mx/lib/libc.a(_flsbuf_simple.o)
 .comment       0x00000000       0x3d /Applications/microchip/xc32/v1.42/bin/bin/../../lib/gcc/pic32mx/4.8.3/../../../../pic32mx/lib/libpic32.a(write.o)
 .comment       0x00000000       0x3d /Applications/microchip/xc32/v1.42/bin/bin/../../lib/gcc/pic32mx/4.8.3/../../../../pic32mx/lib/libpic32.a(_mon_putc.o)
 .comment       0x00000000       0x3d /Applications/microchip/xc32/v1.42/bin/bin/../../lib/gcc/pic32mx/4.8.3/../../../../pic32mx/lib/libpic32.a(xc32_uart.o)
 .comment       0x00000000       0x3d /Applications/microchip/xc32/v1.42/bin/bin/../../lib/gcc/pic32mx/4.8.3/libgcc.a(_udivdi3.o)
 .comment       0x00000000       0x3d /Applications/microchip/xc32/v1.42/bin/bin/../../lib/gcc/pic32mx/4.8.3/libgcc.a(_umoddi3.o)

.debug
 *(.debug)

.line
 *(.line)

.debug_srcinfo
 *(.debug_srcinfo)

.debug_sfnames
 *(.debug_sfnames)

.debug_aranges  0x00000000      0x6a8
 *(.debug_aranges)
 .debug_aranges
                0x00000000       0x20 build/default/production/drivers/acl.o
 .debug_aranges
                0x00000020       0x20 build/default/production/drivers/analogInputs.o
 .debug_aranges
                0x00000040       0x18 build/default/production/drivers/ChrFont0.o
 .debug_aranges
                0x00000058       0x20 build/default/production/drivers/ClpLib.o
 .debug_aranges
                0x00000078       0x20 build/default/production/drivers/databk.o
 .debug_aranges
                0x00000098       0x20 build/default/production/drivers/delay.o
 .debug_aranges
                0x000000b8       0x18 build/default/production/drivers/FillPat.o
 .debug_aranges
                0x000000d0       0x20 build/default/production/drivers/interrupts.o
 .debug_aranges
                0x000000f0       0x20 build/default/production/drivers/motors.o
 .debug_aranges
                0x00000110       0x20 build/default/production/drivers/mx4.o
 .debug_aranges
                0x00000130       0x20 build/default/production/drivers/OledChar.o
 .debug_aranges
                0x00000150       0x20 build/default/production/drivers/OledGrph.o
 .debug_aranges
                0x00000170       0x20 build/default/production/drivers/Pmod8leds.o
 .debug_aranges
                0x00000190       0x20 build/default/production/drivers/PmodBTN.o
 .debug_aranges
                0x000001b0       0x20 build/default/production/drivers/PmodCLP.o
 .debug_aranges
                0x000001d0       0x20 build/default/production/drivers/PmodMAXSONAR.o
 .debug_aranges
                0x000001f0       0x20 build/default/production/drivers/PmodOLED.o
 .debug_aranges
                0x00000210       0x20 build/default/production/drivers/PmodSSD.o
 .debug_aranges
                0x00000230       0x20 build/default/production/drivers/PmodTMP3.o
 .debug_aranges
                0x00000250       0x20 build/default/production/drivers/scope.o
 .debug_aranges
                0x00000270       0x20 build/default/production/drivers/servo.o
 .debug_aranges
                0x00000290       0x20 build/default/production/drivers/PmodLS1.o
 .debug_aranges
                0x000002b0       0x20 build/default/production/drivers/PmodIR_Range.o
 .debug_aranges
                0x000002d0       0x20 build/default/production/drivers/PmodJSTK.o
 .debug_aranges
                0x000002f0       0x20 build/default/production/sources/main.o
 .debug_aranges
                0x00000310       0x20 ./plib/pic32mx/lib/libmchp_peripheral_32MX460F512L.a(int_enable_interrupts_lib.o)
 .debug_aranges
                0x00000330       0x20 ./plib/pic32mx/lib/libmchp_peripheral_32MX460F512L.a(int_enable_mv_int_lib.o)
 .debug_aranges
                0x00000350       0x60 ./plib/pic32mx/lib/libmchp_peripheral_32MX460F512L.a(int_tbl_lib.o)
 .debug_aranges
                0x000003b0       0x20 ./plib/pic32mx/lib/libmchp_peripheral_32MX460F512L.a(read_capture2_lib.o)
 .debug_aranges
                0x000003d0       0x20 ./plib/pic32mx/lib/libmchp_peripheral_32MX460F512L.a(read_capture3_lib.o)
 .debug_aranges
                0x000003f0       0x30 ./plib/pic32mx/lib/libmchp_peripheral_32MX460F512L.a(spi_chn_putc_lib.o)
 .debug_aranges
                0x00000420       0x20 ./plib/pic32mx/lib/libmchp_peripheral_32MX460F512L.a(port_set_pins_digital_out_lib.o)
 .debug_aranges
                0x00000440       0x20 ./plib/pic32mx/lib/libmchp_peripheral_32MX460F512L.a(port_clear_bits_lib.o)
 .debug_aranges
                0x00000460       0x20 ./plib/pic32mx/lib/libmchp_peripheral_32MX460F512L.a(port_set_bits_lib.o)
 .debug_aranges
                0x00000480       0x28 ./plib/pic32mx/lib/libmchp_peripheral_32MX460F512L.a(puts_uartx_lib_legacy.o)
 .debug_aranges
                0x000004a8       0x20 ./plib/pic32mx/lib/libmchp_peripheral_32MX460F512L.a(idle_i2c1_lib_legacy.o)
 .debug_aranges
                0x000004c8       0x20 ./plib/pic32mx/lib/libmchp_peripheral_32MX460F512L.a(master_read_i2c1_lib_legacy.o)
 .debug_aranges
                0x000004e8       0x20 ./plib/pic32mx/lib/libmchp_peripheral_32MX460F512L.a(master_write_i2c1_lib_legacy.o)
 .debug_aranges
                0x00000508       0x20 /Applications/microchip/xc32/v1.42/bin/bin/../../lib/gcc/pic32mx/4.8.3/../../../../pic32mx/lib/libpic32.a(default-bootstrap-exception-handler.o)
 .debug_aranges
                0x00000528       0x20 /Applications/microchip/xc32/v1.42/bin/bin/../../lib/gcc/pic32mx/4.8.3/../../../../pic32mx/lib/libpic32.a(default-on-reset.o)
 .debug_aranges
                0x00000548       0x20 /Applications/microchip/xc32/v1.42/bin/bin/../../lib/gcc/pic32mx/4.8.3/../../../../pic32mx/lib/libpic32.a(default-on-bootstrap.o)
 .debug_aranges
                0x00000568       0x20 /Applications/microchip/xc32/v1.42/bin/bin/../../lib/gcc/pic32mx/4.8.3/../../../../pic32mx/lib/libpic32.a(default-general-exception-handler.o)
 .debug_aranges
                0x00000588       0x20 /Applications/microchip/xc32/v1.42/bin/bin/../../lib/gcc/pic32mx/4.8.3/../../../../pic32mx/lib/libpic32.a(defaultinterrupt.o)
 .debug_aranges
                0x000005a8       0x20 /Applications/microchip/xc32/v1.42/bin/bin/../../lib/gcc/pic32mx/4.8.3/../../../../pic32mx/lib/libc.a(sprintf_cdnopuxX.eo)
 .debug_aranges
                0x000005c8       0x20 /Applications/microchip/xc32/v1.42/bin/bin/../../lib/gcc/pic32mx/4.8.3/../../../../pic32mx/lib/libc.a(doprnt_cdnopuxX.eo)
 .debug_aranges
                0x000005e8       0x20 /Applications/microchip/xc32/v1.42/bin/bin/../../lib/gcc/pic32mx/4.8.3/../../../../pic32mx/lib/libc.a(_fputc_simple.o)
 .debug_aranges
                0x00000608       0x20 /Applications/microchip/xc32/v1.42/bin/bin/../../lib/gcc/pic32mx/4.8.3/../../../../pic32mx/lib/libc.a(_flsbuf_simple.o)
 .debug_aranges
                0x00000628       0x20 /Applications/microchip/xc32/v1.42/bin/bin/../../lib/gcc/pic32mx/4.8.3/../../../../pic32mx/lib/libpic32.a(write.o)
 .debug_aranges
                0x00000648       0x20 /Applications/microchip/xc32/v1.42/bin/bin/../../lib/gcc/pic32mx/4.8.3/../../../../pic32mx/lib/libpic32.a(_mon_putc.o)
 .debug_aranges
                0x00000668       0x20 /Applications/microchip/xc32/v1.42/bin/bin/../../lib/gcc/pic32mx/4.8.3/libgcc.a(_udivdi3.o)
 .debug_aranges
                0x00000688       0x20 /Applications/microchip/xc32/v1.42/bin/bin/../../lib/gcc/pic32mx/4.8.3/libgcc.a(_umoddi3.o)

.debug_pubnames
 *(.debug_pubnames)

.debug_info     0x00000000    0x19536
 *(.debug_info .gnu.linkonce.wi.*)
 .debug_info    0x00000000      0xf5a build/default/production/drivers/acl.o
 .debug_info    0x00000f5a      0xef9 build/default/production/drivers/analogInputs.o
 .debug_info    0x00001e53      0xdda build/default/production/drivers/ChrFont0.o
 .debug_info    0x00002c2d     0x12e4 build/default/production/drivers/ClpLib.o
 .debug_info    0x00003f11      0xeff build/default/production/drivers/databk.o
 .debug_info    0x00004e10      0xe59 build/default/production/drivers/delay.o
 .debug_info    0x00005c69      0xdd6 build/default/production/drivers/FillPat.o
 .debug_info    0x00006a3f     0x1cd3 build/default/production/drivers/interrupts.o
 .debug_info    0x00008712     0x198b build/default/production/drivers/motors.o
 .debug_info    0x0000a09d      0x46c build/default/production/drivers/mx4.o
 .debug_info    0x0000a509     0x111b build/default/production/drivers/OledChar.o
 .debug_info    0x0000b624     0x181d build/default/production/drivers/OledGrph.o
 .debug_info    0x0000ce41      0xcd6 build/default/production/drivers/Pmod8leds.o
 .debug_info    0x0000db17      0x3b2 build/default/production/drivers/PmodBTN.o
 .debug_info    0x0000dec9      0x1c9 build/default/production/drivers/PmodCLP.o
 .debug_info    0x0000e092      0xe14 build/default/production/drivers/PmodMAXSONAR.o
 .debug_info    0x0000eea6     0x1444 build/default/production/drivers/PmodOLED.o
 .debug_info    0x000102ea      0x98b build/default/production/drivers/PmodSSD.o
 .debug_info    0x00010c75      0xe61 build/default/production/drivers/PmodTMP3.o
 .debug_info    0x00011ad6      0xecd build/default/production/drivers/scope.o
 .debug_info    0x000129a3     0x1160 build/default/production/drivers/servo.o
 .debug_info    0x00013b03      0x6c6 build/default/production/drivers/PmodLS1.o
 .debug_info    0x000141c9      0xe78 build/default/production/drivers/PmodIR_Range.o
 .debug_info    0x00015041     0x13f1 build/default/production/drivers/PmodJSTK.o
 .debug_info    0x00016432      0xebc build/default/production/sources/main.o
 .debug_info    0x000172ee       0xb2 ./plib/pic32mx/lib/libmchp_peripheral_32MX460F512L.a(int_enable_interrupts_lib.o)
 .debug_info    0x000173a0       0xba ./plib/pic32mx/lib/libmchp_peripheral_32MX460F512L.a(int_enable_mv_int_lib.o)
 .debug_info    0x0001745a      0x19c ./plib/pic32mx/lib/libmchp_peripheral_32MX460F512L.a(int_tbl_lib.o)
 .debug_info    0x000175f6       0xa5 ./plib/pic32mx/lib/libmchp_peripheral_32MX460F512L.a(read_capture2_lib.o)
 .debug_info    0x0001769b       0xa5 ./plib/pic32mx/lib/libmchp_peripheral_32MX460F512L.a(read_capture3_lib.o)
 .debug_info    0x00017740       0xd8 ./plib/pic32mx/lib/libmchp_peripheral_32MX460F512L.a(spi_chn_putc_lib.o)
 .debug_info    0x00017818       0xba ./plib/pic32mx/lib/libmchp_peripheral_32MX460F512L.a(port_set_pins_digital_out_lib.o)
 .debug_info    0x000178d2       0xa8 ./plib/pic32mx/lib/libmchp_peripheral_32MX460F512L.a(port_clear_bits_lib.o)
 .debug_info    0x0001797a       0xa4 ./plib/pic32mx/lib/libmchp_peripheral_32MX460F512L.a(port_set_bits_lib.o)
 .debug_info    0x00017a1e       0xbe ./plib/pic32mx/lib/libmchp_peripheral_32MX460F512L.a(puts_uartx_lib_legacy.o)
 .debug_info    0x00017adc       0xa2 ./plib/pic32mx/lib/libmchp_peripheral_32MX460F512L.a(idle_i2c1_lib_legacy.o)
 .debug_info    0x00017b7e       0xaf ./plib/pic32mx/lib/libmchp_peripheral_32MX460F512L.a(master_read_i2c1_lib_legacy.o)
 .debug_info    0x00017c2d       0xb1 ./plib/pic32mx/lib/libmchp_peripheral_32MX460F512L.a(master_write_i2c1_lib_legacy.o)
 .debug_info    0x00017cde       0xf5 /Applications/microchip/xc32/v1.42/bin/bin/../../lib/gcc/pic32mx/4.8.3/../../../../pic32mx/lib/libpic32.a(default-bootstrap-exception-handler.o)
 .debug_info    0x00017dd3       0xcf /Applications/microchip/xc32/v1.42/bin/bin/../../lib/gcc/pic32mx/4.8.3/../../../../pic32mx/lib/libpic32.a(default-on-reset.o)
 .debug_info    0x00017ea2       0xd7 /Applications/microchip/xc32/v1.42/bin/bin/../../lib/gcc/pic32mx/4.8.3/../../../../pic32mx/lib/libpic32.a(default-on-bootstrap.o)
 .debug_info    0x00017f79       0xf1 /Applications/microchip/xc32/v1.42/bin/bin/../../lib/gcc/pic32mx/4.8.3/../../../../pic32mx/lib/libpic32.a(default-general-exception-handler.o)
 .debug_info    0x0001806a       0xe9 /Applications/microchip/xc32/v1.42/bin/bin/../../lib/gcc/pic32mx/4.8.3/../../../../pic32mx/lib/libpic32.a(defaultinterrupt.o)
 .debug_info    0x00018153       0xd4 /Applications/microchip/xc32/v1.42/bin/bin/../../lib/gcc/pic32mx/4.8.3/../../../../pic32mx/lib/libc.a(sprintf_cdnopuxX.eo)
 .debug_info    0x00018227       0xd5 /Applications/microchip/xc32/v1.42/bin/bin/../../lib/gcc/pic32mx/4.8.3/../../../../pic32mx/lib/libc.a(doprnt_cdnopuxX.eo)
 .debug_info    0x000182fc       0xc6 /Applications/microchip/xc32/v1.42/bin/bin/../../lib/gcc/pic32mx/4.8.3/../../../../pic32mx/lib/libc.a(_fputc_simple.o)
 .debug_info    0x000183c2       0xc9 /Applications/microchip/xc32/v1.42/bin/bin/../../lib/gcc/pic32mx/4.8.3/../../../../pic32mx/lib/libc.a(_flsbuf_simple.o)
 .debug_info    0x0001848b       0xc0 /Applications/microchip/xc32/v1.42/bin/bin/../../lib/gcc/pic32mx/4.8.3/../../../../pic32mx/lib/libpic32.a(write.o)
 .debug_info    0x0001854b       0xc8 /Applications/microchip/xc32/v1.42/bin/bin/../../lib/gcc/pic32mx/4.8.3/../../../../pic32mx/lib/libpic32.a(_mon_putc.o)
 .debug_info    0x00018613      0x773 /Applications/microchip/xc32/v1.42/bin/bin/../../lib/gcc/pic32mx/4.8.3/libgcc.a(_udivdi3.o)
 .debug_info    0x00018d86      0x7b0 /Applications/microchip/xc32/v1.42/bin/bin/../../lib/gcc/pic32mx/4.8.3/libgcc.a(_umoddi3.o)

.debug_abbrev   0x00000000     0x2b36
 *(.debug_abbrev)
 .debug_abbrev  0x00000000      0x1a5 build/default/production/drivers/acl.o
 .debug_abbrev  0x000001a5      0x170 build/default/production/drivers/analogInputs.o
 .debug_abbrev  0x00000315      0x132 build/default/production/drivers/ChrFont0.o
 .debug_abbrev  0x00000447      0x213 build/default/production/drivers/ClpLib.o
 .debug_abbrev  0x0000065a      0x1a7 build/default/production/drivers/databk.o
 .debug_abbrev  0x00000801      0x191 build/default/production/drivers/delay.o
 .debug_abbrev  0x00000992      0x132 build/default/production/drivers/FillPat.o
 .debug_abbrev  0x00000ac4      0x1d9 build/default/production/drivers/interrupts.o
 .debug_abbrev  0x00000c9d      0x2a8 build/default/production/drivers/motors.o
 .debug_abbrev  0x00000f45      0x101 build/default/production/drivers/mx4.o
 .debug_abbrev  0x00001046      0x224 build/default/production/drivers/OledChar.o
 .debug_abbrev  0x0000126a      0x287 build/default/production/drivers/OledGrph.o
 .debug_abbrev  0x000014f1       0xbc build/default/production/drivers/Pmod8leds.o
 .debug_abbrev  0x000015ad       0xab build/default/production/drivers/PmodBTN.o
 .debug_abbrev  0x00001658       0x8c build/default/production/drivers/PmodCLP.o
 .debug_abbrev  0x000016e4      0x162 build/default/production/drivers/PmodMAXSONAR.o
 .debug_abbrev  0x00001846      0x23d build/default/production/drivers/PmodOLED.o
 .debug_abbrev  0x00001a83       0xbc build/default/production/drivers/PmodSSD.o
 .debug_abbrev  0x00001b3f      0x171 build/default/production/drivers/PmodTMP3.o
 .debug_abbrev  0x00001cb0      0x19a build/default/production/drivers/scope.o
 .debug_abbrev  0x00001e4a      0x184 build/default/production/drivers/servo.o
 .debug_abbrev  0x00001fce       0xab build/default/production/drivers/PmodLS1.o
 .debug_abbrev  0x00002079      0x162 build/default/production/drivers/PmodIR_Range.o
 .debug_abbrev  0x000021db      0x1a5 build/default/production/drivers/PmodJSTK.o
 .debug_abbrev  0x00002380      0x177 build/default/production/sources/main.o
 .debug_abbrev  0x000024f7       0x28 ./plib/pic32mx/lib/libmchp_peripheral_32MX460F512L.a(int_enable_interrupts_lib.o)
 .debug_abbrev  0x0000251f       0x28 ./plib/pic32mx/lib/libmchp_peripheral_32MX460F512L.a(int_enable_mv_int_lib.o)
 .debug_abbrev  0x00002547       0x28 ./plib/pic32mx/lib/libmchp_peripheral_32MX460F512L.a(int_tbl_lib.o)
 .debug_abbrev  0x0000256f       0x28 ./plib/pic32mx/lib/libmchp_peripheral_32MX460F512L.a(read_capture2_lib.o)
 .debug_abbrev  0x00002597       0x28 ./plib/pic32mx/lib/libmchp_peripheral_32MX460F512L.a(read_capture3_lib.o)
 .debug_abbrev  0x000025bf       0x28 ./plib/pic32mx/lib/libmchp_peripheral_32MX460F512L.a(spi_chn_putc_lib.o)
 .debug_abbrev  0x000025e7       0x28 ./plib/pic32mx/lib/libmchp_peripheral_32MX460F512L.a(port_set_pins_digital_out_lib.o)
 .debug_abbrev  0x0000260f       0x28 ./plib/pic32mx/lib/libmchp_peripheral_32MX460F512L.a(port_clear_bits_lib.o)
 .debug_abbrev  0x00002637       0x28 ./plib/pic32mx/lib/libmchp_peripheral_32MX460F512L.a(port_set_bits_lib.o)
 .debug_abbrev  0x0000265f       0x28 ./plib/pic32mx/lib/libmchp_peripheral_32MX460F512L.a(puts_uartx_lib_legacy.o)
 .debug_abbrev  0x00002687       0x28 ./plib/pic32mx/lib/libmchp_peripheral_32MX460F512L.a(idle_i2c1_lib_legacy.o)
 .debug_abbrev  0x000026af       0x28 ./plib/pic32mx/lib/libmchp_peripheral_32MX460F512L.a(master_read_i2c1_lib_legacy.o)
 .debug_abbrev  0x000026d7       0x28 ./plib/pic32mx/lib/libmchp_peripheral_32MX460F512L.a(master_write_i2c1_lib_legacy.o)
 .debug_abbrev  0x000026ff       0x28 /Applications/microchip/xc32/v1.42/bin/bin/../../lib/gcc/pic32mx/4.8.3/../../../../pic32mx/lib/libpic32.a(default-bootstrap-exception-handler.o)
 .debug_abbrev  0x00002727       0x28 /Applications/microchip/xc32/v1.42/bin/bin/../../lib/gcc/pic32mx/4.8.3/../../../../pic32mx/lib/libpic32.a(default-on-reset.o)
 .debug_abbrev  0x0000274f       0x28 /Applications/microchip/xc32/v1.42/bin/bin/../../lib/gcc/pic32mx/4.8.3/../../../../pic32mx/lib/libpic32.a(default-on-bootstrap.o)
 .debug_abbrev  0x00002777       0x28 /Applications/microchip/xc32/v1.42/bin/bin/../../lib/gcc/pic32mx/4.8.3/../../../../pic32mx/lib/libpic32.a(default-general-exception-handler.o)
 .debug_abbrev  0x0000279f       0x28 /Applications/microchip/xc32/v1.42/bin/bin/../../lib/gcc/pic32mx/4.8.3/../../../../pic32mx/lib/libpic32.a(defaultinterrupt.o)
 .debug_abbrev  0x000027c7       0x28 /Applications/microchip/xc32/v1.42/bin/bin/../../lib/gcc/pic32mx/4.8.3/../../../../pic32mx/lib/libc.a(sprintf_cdnopuxX.eo)
 .debug_abbrev  0x000027ef       0x28 /Applications/microchip/xc32/v1.42/bin/bin/../../lib/gcc/pic32mx/4.8.3/../../../../pic32mx/lib/libc.a(doprnt_cdnopuxX.eo)
 .debug_abbrev  0x00002817       0x28 /Applications/microchip/xc32/v1.42/bin/bin/../../lib/gcc/pic32mx/4.8.3/../../../../pic32mx/lib/libc.a(_fputc_simple.o)
 .debug_abbrev  0x0000283f       0x28 /Applications/microchip/xc32/v1.42/bin/bin/../../lib/gcc/pic32mx/4.8.3/../../../../pic32mx/lib/libc.a(_flsbuf_simple.o)
 .debug_abbrev  0x00002867       0x28 /Applications/microchip/xc32/v1.42/bin/bin/../../lib/gcc/pic32mx/4.8.3/../../../../pic32mx/lib/libpic32.a(write.o)
 .debug_abbrev  0x0000288f       0x28 /Applications/microchip/xc32/v1.42/bin/bin/../../lib/gcc/pic32mx/4.8.3/../../../../pic32mx/lib/libpic32.a(_mon_putc.o)
 .debug_abbrev  0x000028b7      0x138 /Applications/microchip/xc32/v1.42/bin/bin/../../lib/gcc/pic32mx/4.8.3/libgcc.a(_udivdi3.o)
 .debug_abbrev  0x000029ef      0x147 /Applications/microchip/xc32/v1.42/bin/bin/../../lib/gcc/pic32mx/4.8.3/libgcc.a(_umoddi3.o)

.debug_line     0x00000000     0x34ff
 *(.debug_line)
 .debug_line    0x00000000      0x1c9 build/default/production/drivers/acl.o
 .debug_line    0x000001c9      0x179 build/default/production/drivers/analogInputs.o
 .debug_line    0x00000342      0x158 build/default/production/drivers/ChrFont0.o
 .debug_line    0x0000049a      0x26c build/default/production/drivers/ClpLib.o
 .debug_line    0x00000706      0x184 build/default/production/drivers/databk.o
 .debug_line    0x0000088a      0x17d build/default/production/drivers/delay.o
 .debug_line    0x00000a07      0x157 build/default/production/drivers/FillPat.o
 .debug_line    0x00000b5e      0x247 build/default/production/drivers/interrupts.o
 .debug_line    0x00000da5      0x22f build/default/production/drivers/motors.o
 .debug_line    0x00000fd4       0xd7 build/default/production/drivers/mx4.o
 .debug_line    0x000010ab      0x1d4 build/default/production/drivers/OledChar.o
 .debug_line    0x0000127f      0x351 build/default/production/drivers/OledGrph.o
 .debug_line    0x000015d0      0x117 build/default/production/drivers/Pmod8leds.o
 .debug_line    0x000016e7       0xd9 build/default/production/drivers/PmodBTN.o
 .debug_line    0x000017c0       0xd0 build/default/production/drivers/PmodCLP.o
 .debug_line    0x00001890      0x171 build/default/production/drivers/PmodMAXSONAR.o
 .debug_line    0x00001a01      0x20d build/default/production/drivers/PmodOLED.o
 .debug_line    0x00001c0e       0xe4 build/default/production/drivers/PmodSSD.o
 .debug_line    0x00001cf2      0x189 build/default/production/drivers/PmodTMP3.o
 .debug_line    0x00001e7b      0x182 build/default/production/drivers/scope.o
 .debug_line    0x00001ffd      0x193 build/default/production/drivers/servo.o
 .debug_line    0x00002190       0xd9 build/default/production/drivers/PmodLS1.o
 .debug_line    0x00002269      0x17d build/default/production/drivers/PmodIR_Range.o
 .debug_line    0x000023e6      0x1d1 build/default/production/drivers/PmodJSTK.o
 .debug_line    0x000025b7      0x179 build/default/production/sources/main.o
 .debug_line    0x00002730       0x6f ./plib/pic32mx/lib/libmchp_peripheral_32MX460F512L.a(int_enable_interrupts_lib.o)
 .debug_line    0x0000279f       0x6b ./plib/pic32mx/lib/libmchp_peripheral_32MX460F512L.a(int_enable_mv_int_lib.o)
 .debug_line    0x0000280a       0x61 ./plib/pic32mx/lib/libmchp_peripheral_32MX460F512L.a(int_tbl_lib.o)
 .debug_line    0x0000286b       0x69 ./plib/pic32mx/lib/libmchp_peripheral_32MX460F512L.a(read_capture2_lib.o)
 .debug_line    0x000028d4       0x69 ./plib/pic32mx/lib/libmchp_peripheral_32MX460F512L.a(read_capture3_lib.o)
 .debug_line    0x0000293d       0x66 ./plib/pic32mx/lib/libmchp_peripheral_32MX460F512L.a(spi_chn_putc_lib.o)
 .debug_line    0x000029a3        0x0 ./plib/pic32mx/lib/libmchp_peripheral_32MX460F512L.a(spi_map_tbl_libp.o)
 .debug_line    0x000029a3       0x75 ./plib/pic32mx/lib/libmchp_peripheral_32MX460F512L.a(port_set_pins_digital_out_lib.o)
 .debug_line    0x00002a18       0x6b ./plib/pic32mx/lib/libmchp_peripheral_32MX460F512L.a(port_clear_bits_lib.o)
 .debug_line    0x00002a83       0x69 ./plib/pic32mx/lib/libmchp_peripheral_32MX460F512L.a(port_set_bits_lib.o)
 .debug_line    0x00002aec        0x0 ./plib/pic32mx/lib/libmchp_peripheral_32MX460F512L.a(_ports_tbl_libp.o)
 .debug_line    0x00002aec       0x6c ./plib/pic32mx/lib/libmchp_peripheral_32MX460F512L.a(puts_uartx_lib_legacy.o)
 .debug_line    0x00002b58       0x6a ./plib/pic32mx/lib/libmchp_peripheral_32MX460F512L.a(idle_i2c1_lib_legacy.o)
 .debug_line    0x00002bc2       0x71 ./plib/pic32mx/lib/libmchp_peripheral_32MX460F512L.a(master_read_i2c1_lib_legacy.o)
 .debug_line    0x00002c33       0x72 ./plib/pic32mx/lib/libmchp_peripheral_32MX460F512L.a(master_write_i2c1_lib_legacy.o)
 .debug_line    0x00002ca5       0xa9 /Applications/microchip/xc32/v1.42/bin/bin/../../lib/gcc/pic32mx/4.8.3/../../../../pic32mx/lib/libpic32.a(default-bootstrap-exception-handler.o)
 .debug_line    0x00002d4e       0x96 /Applications/microchip/xc32/v1.42/bin/bin/../../lib/gcc/pic32mx/4.8.3/../../../../pic32mx/lib/libpic32.a(default-on-reset.o)
 .debug_line    0x00002de4       0x9a /Applications/microchip/xc32/v1.42/bin/bin/../../lib/gcc/pic32mx/4.8.3/../../../../pic32mx/lib/libpic32.a(default-on-bootstrap.o)
 .debug_line    0x00002e7e       0xa7 /Applications/microchip/xc32/v1.42/bin/bin/../../lib/gcc/pic32mx/4.8.3/../../../../pic32mx/lib/libpic32.a(default-general-exception-handler.o)
 .debug_line    0x00002f25       0xa8 /Applications/microchip/xc32/v1.42/bin/bin/../../lib/gcc/pic32mx/4.8.3/../../../../pic32mx/lib/libpic32.a(defaultinterrupt.o)
 .debug_line    0x00002fcd       0x83 /Applications/microchip/xc32/v1.42/bin/bin/../../lib/gcc/pic32mx/4.8.3/../../../../pic32mx/lib/libc.a(sprintf_cdnopuxX.eo)
 .debug_line    0x00003050       0x82 /Applications/microchip/xc32/v1.42/bin/bin/../../lib/gcc/pic32mx/4.8.3/../../../../pic32mx/lib/libc.a(doprnt_cdnopuxX.eo)
 .debug_line    0x000030d2       0x81 /Applications/microchip/xc32/v1.42/bin/bin/../../lib/gcc/pic32mx/4.8.3/../../../../pic32mx/lib/libc.a(_fputc_simple.o)
 .debug_line    0x00003153        0x0 /Applications/microchip/xc32/v1.42/bin/bin/../../lib/gcc/pic32mx/4.8.3/../../../../pic32mx/lib/libc.a(ctype.o)
 .debug_line    0x00003153        0x0 /Applications/microchip/xc32/v1.42/bin/bin/../../lib/gcc/pic32mx/4.8.3/../../../../pic32mx/lib/libc.a(_iob.o)
 .debug_line    0x00003153       0x82 /Applications/microchip/xc32/v1.42/bin/bin/../../lib/gcc/pic32mx/4.8.3/../../../../pic32mx/lib/libc.a(_flsbuf_simple.o)
 .debug_line    0x000031d5       0x8b /Applications/microchip/xc32/v1.42/bin/bin/../../lib/gcc/pic32mx/4.8.3/../../../../pic32mx/lib/libpic32.a(write.o)
 .debug_line    0x00003260       0x8f /Applications/microchip/xc32/v1.42/bin/bin/../../lib/gcc/pic32mx/4.8.3/../../../../pic32mx/lib/libpic32.a(_mon_putc.o)
 .debug_line    0x000032ef        0x0 /Applications/microchip/xc32/v1.42/bin/bin/../../lib/gcc/pic32mx/4.8.3/../../../../pic32mx/lib/libpic32.a(xc32_uart.o)
 .debug_line    0x000032ef       0xff /Applications/microchip/xc32/v1.42/bin/bin/../../lib/gcc/pic32mx/4.8.3/libgcc.a(_udivdi3.o)
 .debug_line    0x000033ee      0x111 /Applications/microchip/xc32/v1.42/bin/bin/../../lib/gcc/pic32mx/4.8.3/libgcc.a(_umoddi3.o)

.debug_frame    0x00000000     0x1c44
 *(.debug_frame)
 .debug_frame   0x00000000       0xe8 build/default/production/drivers/acl.o
 .debug_frame   0x000000e8       0x4c build/default/production/drivers/analogInputs.o
 .debug_frame   0x00000134      0x248 build/default/production/drivers/ClpLib.o
 .debug_frame   0x0000037c       0x70 build/default/production/drivers/databk.o
 .debug_frame   0x000003ec       0x84 build/default/production/drivers/delay.o
 .debug_frame   0x00000470      0x408 build/default/production/drivers/interrupts.o
 .debug_frame   0x00000878      0x2ac build/default/production/drivers/motors.o
 .debug_frame   0x00000b24       0x84 build/default/production/drivers/mx4.o
 .debug_frame   0x00000ba8      0x124 build/default/production/drivers/OledChar.o
 .debug_frame   0x00000ccc      0x320 build/default/production/drivers/OledGrph.o
 .debug_frame   0x00000fec      0x130 build/default/production/drivers/Pmod8leds.o
 .debug_frame   0x0000111c       0xa0 build/default/production/drivers/PmodBTN.o
 .debug_frame   0x000011bc       0x90 build/default/production/drivers/PmodCLP.o
 .debug_frame   0x0000124c       0x4c build/default/production/drivers/PmodMAXSONAR.o
 .debug_frame   0x00001298      0x130 build/default/production/drivers/PmodOLED.o
 .debug_frame   0x000013c8       0x50 build/default/production/drivers/PmodSSD.o
 .debug_frame   0x00001418       0x50 build/default/production/drivers/PmodTMP3.o
 .debug_frame   0x00001468       0x70 build/default/production/drivers/scope.o
 .debug_frame   0x000014d8       0x88 build/default/production/drivers/servo.o
 .debug_frame   0x00001560       0xa0 build/default/production/drivers/PmodLS1.o
 .debug_frame   0x00001600       0xa0 build/default/production/drivers/PmodIR_Range.o
 .debug_frame   0x000016a0       0xd0 build/default/production/drivers/PmodJSTK.o
 .debug_frame   0x00001770       0x68 build/default/production/sources/main.o
 .debug_frame   0x000017d8       0x20 ./plib/pic32mx/lib/libmchp_peripheral_32MX460F512L.a(int_enable_interrupts_lib.o)
 .debug_frame   0x000017f8       0x28 ./plib/pic32mx/lib/libmchp_peripheral_32MX460F512L.a(int_enable_mv_int_lib.o)
 .debug_frame   0x00001820       0xa0 ./plib/pic32mx/lib/libmchp_peripheral_32MX460F512L.a(int_tbl_lib.o)
 .debug_frame   0x000018c0       0x20 ./plib/pic32mx/lib/libmchp_peripheral_32MX460F512L.a(read_capture2_lib.o)
 .debug_frame   0x000018e0       0x20 ./plib/pic32mx/lib/libmchp_peripheral_32MX460F512L.a(read_capture3_lib.o)
 .debug_frame   0x00001900       0x40 ./plib/pic32mx/lib/libmchp_peripheral_32MX460F512L.a(spi_chn_putc_lib.o)
 .debug_frame   0x00001940       0x20 ./plib/pic32mx/lib/libmchp_peripheral_32MX460F512L.a(port_set_pins_digital_out_lib.o)
 .debug_frame   0x00001960       0x20 ./plib/pic32mx/lib/libmchp_peripheral_32MX460F512L.a(port_clear_bits_lib.o)
 .debug_frame   0x00001980       0x20 ./plib/pic32mx/lib/libmchp_peripheral_32MX460F512L.a(port_set_bits_lib.o)
 .debug_frame   0x000019a0       0x30 ./plib/pic32mx/lib/libmchp_peripheral_32MX460F512L.a(puts_uartx_lib_legacy.o)
 .debug_frame   0x000019d0       0x20 ./plib/pic32mx/lib/libmchp_peripheral_32MX460F512L.a(idle_i2c1_lib_legacy.o)
 .debug_frame   0x000019f0       0x20 ./plib/pic32mx/lib/libmchp_peripheral_32MX460F512L.a(master_read_i2c1_lib_legacy.o)
 .debug_frame   0x00001a10       0x28 ./plib/pic32mx/lib/libmchp_peripheral_32MX460F512L.a(master_write_i2c1_lib_legacy.o)
 .debug_frame   0x00001a38       0x2c /Applications/microchip/xc32/v1.42/bin/bin/../../lib/gcc/pic32mx/4.8.3/../../../../pic32mx/lib/libpic32.a(default-bootstrap-exception-handler.o)
 .debug_frame   0x00001a64       0x20 /Applications/microchip/xc32/v1.42/bin/bin/../../lib/gcc/pic32mx/4.8.3/../../../../pic32mx/lib/libpic32.a(default-on-reset.o)
 .debug_frame   0x00001a84       0x20 /Applications/microchip/xc32/v1.42/bin/bin/../../lib/gcc/pic32mx/4.8.3/../../../../pic32mx/lib/libpic32.a(default-on-bootstrap.o)
 .debug_frame   0x00001aa4       0x2c /Applications/microchip/xc32/v1.42/bin/bin/../../lib/gcc/pic32mx/4.8.3/../../../../pic32mx/lib/libpic32.a(default-general-exception-handler.o)
 .debug_frame   0x00001ad0       0x20 /Applications/microchip/xc32/v1.42/bin/bin/../../lib/gcc/pic32mx/4.8.3/../../../../pic32mx/lib/libpic32.a(defaultinterrupt.o)
 .debug_frame   0x00001af0       0x28 /Applications/microchip/xc32/v1.42/bin/bin/../../lib/gcc/pic32mx/4.8.3/../../../../pic32mx/lib/libc.a(sprintf_cdnopuxX.eo)
 .debug_frame   0x00001b18       0x38 /Applications/microchip/xc32/v1.42/bin/bin/../../lib/gcc/pic32mx/4.8.3/../../../../pic32mx/lib/libc.a(doprnt_cdnopuxX.eo)
 .debug_frame   0x00001b50       0x2c /Applications/microchip/xc32/v1.42/bin/bin/../../lib/gcc/pic32mx/4.8.3/../../../../pic32mx/lib/libc.a(_fputc_simple.o)
 .debug_frame   0x00001b7c       0x28 /Applications/microchip/xc32/v1.42/bin/bin/../../lib/gcc/pic32mx/4.8.3/../../../../pic32mx/lib/libc.a(_flsbuf_simple.o)
 .debug_frame   0x00001ba4       0x38 /Applications/microchip/xc32/v1.42/bin/bin/../../lib/gcc/pic32mx/4.8.3/../../../../pic32mx/lib/libpic32.a(write.o)
 .debug_frame   0x00001bdc       0x28 /Applications/microchip/xc32/v1.42/bin/bin/../../lib/gcc/pic32mx/4.8.3/../../../../pic32mx/lib/libpic32.a(_mon_putc.o)
 .debug_frame   0x00001c04       0x20 /Applications/microchip/xc32/v1.42/bin/bin/../../lib/gcc/pic32mx/4.8.3/libgcc.a(_udivdi3.o)
 .debug_frame   0x00001c24       0x20 /Applications/microchip/xc32/v1.42/bin/bin/../../lib/gcc/pic32mx/4.8.3/libgcc.a(_umoddi3.o)

.debug_str      0x00000000       0x85
 *(.debug_str)
 .debug_str     0x00000000        0x0 build/default/production/drivers/acl.o
 .debug_str     0x00000000        0x0 build/default/production/drivers/analogInputs.o
 .debug_str     0x00000000        0x0 build/default/production/drivers/ChrFont0.o
 .debug_str     0x00000000       0x13 build/default/production/drivers/ClpLib.o
 .debug_str     0x00000013        0x0 build/default/production/drivers/databk.o
 .debug_str     0x00000013        0x0 build/default/production/drivers/delay.o
 .debug_str     0x00000013        0x0 build/default/production/drivers/FillPat.o
 .debug_str     0x00000013        0x7 build/default/production/drivers/interrupts.o
 .debug_str     0x0000001a       0x15 build/default/production/drivers/motors.o
 .debug_str     0x0000002f        0x0 build/default/production/drivers/mx4.o
 .debug_str     0x0000002f        0x0 build/default/production/drivers/OledChar.o
 .debug_str     0x0000002f       0x56 build/default/production/drivers/OledGrph.o
 .debug_str     0x00000085        0x0 build/default/production/drivers/Pmod8leds.o
 .debug_str     0x00000085        0x0 build/default/production/drivers/PmodBTN.o
 .debug_str     0x00000085        0x0 build/default/production/drivers/PmodCLP.o
 .debug_str     0x00000085        0x0 build/default/production/drivers/PmodMAXSONAR.o
 .debug_str     0x00000085        0x0 build/default/production/drivers/PmodOLED.o
 .debug_str     0x00000085        0x0 build/default/production/drivers/PmodSSD.o
 .debug_str     0x00000085        0x0 build/default/production/drivers/PmodTMP3.o
 .debug_str     0x00000085        0x0 build/default/production/drivers/scope.o
 .debug_str     0x00000085        0x0 build/default/production/drivers/servo.o
 .debug_str     0x00000085        0x0 build/default/production/drivers/PmodLS1.o
 .debug_str     0x00000085        0x0 build/default/production/drivers/PmodIR_Range.o
 .debug_str     0x00000085        0x0 build/default/production/drivers/PmodJSTK.o
 .debug_str     0x00000085        0x0 build/default/production/sources/main.o
 .debug_str     0x00000085        0x0 ./plib/pic32mx/lib/libmchp_peripheral_32MX460F512L.a(int_enable_interrupts_lib.o)
 .debug_str     0x00000085        0x0 ./plib/pic32mx/lib/libmchp_peripheral_32MX460F512L.a(int_enable_mv_int_lib.o)
 .debug_str     0x00000085        0x0 ./plib/pic32mx/lib/libmchp_peripheral_32MX460F512L.a(int_tbl_lib.o)
 .debug_str     0x00000085        0x0 ./plib/pic32mx/lib/libmchp_peripheral_32MX460F512L.a(read_capture2_lib.o)
 .debug_str     0x00000085        0x0 ./plib/pic32mx/lib/libmchp_peripheral_32MX460F512L.a(read_capture3_lib.o)
 .debug_str     0x00000085        0x0 ./plib/pic32mx/lib/libmchp_peripheral_32MX460F512L.a(spi_chn_putc_lib.o)
 .debug_str     0x00000085        0x0 ./plib/pic32mx/lib/libmchp_peripheral_32MX460F512L.a(spi_map_tbl_libp.o)
 .debug_str     0x00000085        0x0 ./plib/pic32mx/lib/libmchp_peripheral_32MX460F512L.a(port_set_pins_digital_out_lib.o)
 .debug_str     0x00000085        0x0 ./plib/pic32mx/lib/libmchp_peripheral_32MX460F512L.a(port_clear_bits_lib.o)
 .debug_str     0x00000085        0x0 ./plib/pic32mx/lib/libmchp_peripheral_32MX460F512L.a(port_set_bits_lib.o)
 .debug_str     0x00000085        0x0 ./plib/pic32mx/lib/libmchp_peripheral_32MX460F512L.a(_ports_tbl_libp.o)
 .debug_str     0x00000085        0x0 ./plib/pic32mx/lib/libmchp_peripheral_32MX460F512L.a(puts_uartx_lib_legacy.o)
 .debug_str     0x00000085        0x0 ./plib/pic32mx/lib/libmchp_peripheral_32MX460F512L.a(idle_i2c1_lib_legacy.o)
 .debug_str     0x00000085        0x0 ./plib/pic32mx/lib/libmchp_peripheral_32MX460F512L.a(master_read_i2c1_lib_legacy.o)
 .debug_str     0x00000085        0x0 ./plib/pic32mx/lib/libmchp_peripheral_32MX460F512L.a(master_write_i2c1_lib_legacy.o)
 .debug_str     0x00000085        0x0 /Applications/microchip/xc32/v1.42/bin/bin/../../lib/gcc/pic32mx/4.8.3/../../../../pic32mx/lib/libpic32.a(default-bootstrap-exception-handler.o)
 .debug_str     0x00000085        0x0 /Applications/microchip/xc32/v1.42/bin/bin/../../lib/gcc/pic32mx/4.8.3/../../../../pic32mx/lib/libpic32.a(default-on-reset.o)
 .debug_str     0x00000085        0x0 /Applications/microchip/xc32/v1.42/bin/bin/../../lib/gcc/pic32mx/4.8.3/../../../../pic32mx/lib/libpic32.a(default-on-bootstrap.o)
 .debug_str     0x00000085        0x0 /Applications/microchip/xc32/v1.42/bin/bin/../../lib/gcc/pic32mx/4.8.3/../../../../pic32mx/lib/libpic32.a(default-general-exception-handler.o)
 .debug_str     0x00000085        0x0 /Applications/microchip/xc32/v1.42/bin/bin/../../lib/gcc/pic32mx/4.8.3/../../../../pic32mx/lib/libpic32.a(defaultinterrupt.o)
 .debug_str     0x00000085        0x0 /Applications/microchip/xc32/v1.42/bin/bin/../../lib/gcc/pic32mx/4.8.3/../../../../pic32mx/lib/libc.a(sprintf_cdnopuxX.eo)
 .debug_str     0x00000085        0x0 /Applications/microchip/xc32/v1.42/bin/bin/../../lib/gcc/pic32mx/4.8.3/../../../../pic32mx/lib/libc.a(doprnt_cdnopuxX.eo)
 .debug_str     0x00000085        0x0 /Applications/microchip/xc32/v1.42/bin/bin/../../lib/gcc/pic32mx/4.8.3/../../../../pic32mx/lib/libc.a(_fputc_simple.o)
 .debug_str     0x00000085        0x0 /Applications/microchip/xc32/v1.42/bin/bin/../../lib/gcc/pic32mx/4.8.3/../../../../pic32mx/lib/libc.a(ctype.o)
 .debug_str     0x00000085        0x0 /Applications/microchip/xc32/v1.42/bin/bin/../../lib/gcc/pic32mx/4.8.3/../../../../pic32mx/lib/libc.a(_iob.o)
 .debug_str     0x00000085        0x0 /Applications/microchip/xc32/v1.42/bin/bin/../../lib/gcc/pic32mx/4.8.3/../../../../pic32mx/lib/libc.a(_flsbuf_simple.o)
 .debug_str     0x00000085        0x0 /Applications/microchip/xc32/v1.42/bin/bin/../../lib/gcc/pic32mx/4.8.3/../../../../pic32mx/lib/libpic32.a(write.o)
 .debug_str     0x00000085        0x0 /Applications/microchip/xc32/v1.42/bin/bin/../../lib/gcc/pic32mx/4.8.3/../../../../pic32mx/lib/libpic32.a(_mon_putc.o)
 .debug_str     0x00000085        0x0 /Applications/microchip/xc32/v1.42/bin/bin/../../lib/gcc/pic32mx/4.8.3/../../../../pic32mx/lib/libpic32.a(xc32_uart.o)
 .debug_str     0x00000085        0x0 /Applications/microchip/xc32/v1.42/bin/bin/../../lib/gcc/pic32mx/4.8.3/libgcc.a(_udivdi3.o)
 .debug_str     0x00000085        0x0 /Applications/microchip/xc32/v1.42/bin/bin/../../lib/gcc/pic32mx/4.8.3/libgcc.a(_umoddi3.o)

.debug_loc      0x00000000     0x14a7
 *(.debug_loc)
 .debug_loc     0x00000000      0xa6a /Applications/microchip/xc32/v1.42/bin/bin/../../lib/gcc/pic32mx/4.8.3/libgcc.a(_udivdi3.o)
 .debug_loc     0x00000a6a      0xa3d /Applications/microchip/xc32/v1.42/bin/bin/../../lib/gcc/pic32mx/4.8.3/libgcc.a(_umoddi3.o)

.debug_macinfo
 *(.debug_macinfo)

.debug_weaknames
 *(.debug_weaknames)

.debug_funcnames
 *(.debug_funcnames)

.debug_typenames
 *(.debug_typenames)

.debug_varnames
 *(.debug_varnames)

.debug_pubtypes
 *(.debug_pubtypes)

.debug_ranges   0x00000000      0x348
 *(.debug_ranges)
 .debug_ranges  0x00000000       0x10 ./plib/pic32mx/lib/libmchp_peripheral_32MX460F512L.a(int_enable_interrupts_lib.o)
 .debug_ranges  0x00000010       0x10 ./plib/pic32mx/lib/libmchp_peripheral_32MX460F512L.a(int_enable_mv_int_lib.o)
 .debug_ranges  0x00000020       0x50 ./plib/pic32mx/lib/libmchp_peripheral_32MX460F512L.a(int_tbl_lib.o)
 .debug_ranges  0x00000070       0x10 ./plib/pic32mx/lib/libmchp_peripheral_32MX460F512L.a(read_capture2_lib.o)
 .debug_ranges  0x00000080       0x10 ./plib/pic32mx/lib/libmchp_peripheral_32MX460F512L.a(read_capture3_lib.o)
 .debug_ranges  0x00000090       0x20 ./plib/pic32mx/lib/libmchp_peripheral_32MX460F512L.a(spi_chn_putc_lib.o)
 .debug_ranges  0x000000b0       0x10 ./plib/pic32mx/lib/libmchp_peripheral_32MX460F512L.a(port_set_pins_digital_out_lib.o)
 .debug_ranges  0x000000c0       0x10 ./plib/pic32mx/lib/libmchp_peripheral_32MX460F512L.a(port_clear_bits_lib.o)
 .debug_ranges  0x000000d0       0x10 ./plib/pic32mx/lib/libmchp_peripheral_32MX460F512L.a(port_set_bits_lib.o)
 .debug_ranges  0x000000e0       0x18 ./plib/pic32mx/lib/libmchp_peripheral_32MX460F512L.a(puts_uartx_lib_legacy.o)
 .debug_ranges  0x000000f8       0x10 ./plib/pic32mx/lib/libmchp_peripheral_32MX460F512L.a(idle_i2c1_lib_legacy.o)
 .debug_ranges  0x00000108       0x10 ./plib/pic32mx/lib/libmchp_peripheral_32MX460F512L.a(master_read_i2c1_lib_legacy.o)
 .debug_ranges  0x00000118       0x10 ./plib/pic32mx/lib/libmchp_peripheral_32MX460F512L.a(master_write_i2c1_lib_legacy.o)
 .debug_ranges  0x00000128       0x10 /Applications/microchip/xc32/v1.42/bin/bin/../../lib/gcc/pic32mx/4.8.3/../../../../pic32mx/lib/libpic32.a(default-bootstrap-exception-handler.o)
 .debug_ranges  0x00000138       0x10 /Applications/microchip/xc32/v1.42/bin/bin/../../lib/gcc/pic32mx/4.8.3/../../../../pic32mx/lib/libpic32.a(default-on-reset.o)
 .debug_ranges  0x00000148       0x10 /Applications/microchip/xc32/v1.42/bin/bin/../../lib/gcc/pic32mx/4.8.3/../../../../pic32mx/lib/libpic32.a(default-on-bootstrap.o)
 .debug_ranges  0x00000158       0x10 /Applications/microchip/xc32/v1.42/bin/bin/../../lib/gcc/pic32mx/4.8.3/../../../../pic32mx/lib/libpic32.a(default-general-exception-handler.o)
 .debug_ranges  0x00000168       0x10 /Applications/microchip/xc32/v1.42/bin/bin/../../lib/gcc/pic32mx/4.8.3/../../../../pic32mx/lib/libpic32.a(defaultinterrupt.o)
 .debug_ranges  0x00000178       0x10 /Applications/microchip/xc32/v1.42/bin/bin/../../lib/gcc/pic32mx/4.8.3/../../../../pic32mx/lib/libc.a(sprintf_cdnopuxX.eo)
 .debug_ranges  0x00000188       0x10 /Applications/microchip/xc32/v1.42/bin/bin/../../lib/gcc/pic32mx/4.8.3/../../../../pic32mx/lib/libc.a(doprnt_cdnopuxX.eo)
 .debug_ranges  0x00000198       0x10 /Applications/microchip/xc32/v1.42/bin/bin/../../lib/gcc/pic32mx/4.8.3/../../../../pic32mx/lib/libc.a(_fputc_simple.o)
 .debug_ranges  0x000001a8       0x10 /Applications/microchip/xc32/v1.42/bin/bin/../../lib/gcc/pic32mx/4.8.3/../../../../pic32mx/lib/libc.a(_flsbuf_simple.o)
 .debug_ranges  0x000001b8       0x10 /Applications/microchip/xc32/v1.42/bin/bin/../../lib/gcc/pic32mx/4.8.3/../../../../pic32mx/lib/libpic32.a(write.o)
 .debug_ranges  0x000001c8       0x10 /Applications/microchip/xc32/v1.42/bin/bin/../../lib/gcc/pic32mx/4.8.3/../../../../pic32mx/lib/libpic32.a(_mon_putc.o)
 .debug_ranges  0x000001d8       0x98 /Applications/microchip/xc32/v1.42/bin/bin/../../lib/gcc/pic32mx/4.8.3/libgcc.a(_udivdi3.o)
 .debug_ranges  0x00000270       0xd8 /Applications/microchip/xc32/v1.42/bin/bin/../../lib/gcc/pic32mx/4.8.3/libgcc.a(_umoddi3.o)

.gnu.attributes
                0x00000000       0x10
 *(.gnu.attributes)
 .gnu.attributes
                0x00000000       0x10 build/default/production/drivers/acl.o
 .gnu.attributes
                0x00000010       0x10 build/default/production/drivers/analogInputs.o
 .gnu.attributes
                0x00000020       0x10 build/default/production/drivers/ChrFont0.o
 .gnu.attributes
                0x00000030       0x10 build/default/production/drivers/ClpLib.o
 .gnu.attributes
                0x00000040       0x10 build/default/production/drivers/databk.o
 .gnu.attributes
                0x00000050       0x10 build/default/production/drivers/delay.o
 .gnu.attributes
                0x00000060       0x10 build/default/production/drivers/FillPat.o
 .gnu.attributes
                0x00000070       0x10 build/default/production/drivers/interrupts.o
 .gnu.attributes
                0x00000080       0x10 build/default/production/drivers/motors.o
 .gnu.attributes
                0x00000090       0x10 build/default/production/drivers/mx4.o
 .gnu.attributes
                0x000000a0       0x10 build/default/production/drivers/OledChar.o
 .gnu.attributes
                0x000000b0       0x10 build/default/production/drivers/OledGrph.o
 .gnu.attributes
                0x000000c0       0x10 build/default/production/drivers/Pmod8leds.o
 .gnu.attributes
                0x000000d0       0x10 build/default/production/drivers/PmodBTN.o
 .gnu.attributes
                0x000000e0       0x10 build/default/production/drivers/PmodCLP.o
 .gnu.attributes
                0x000000f0       0x10 build/default/production/drivers/PmodMAXSONAR.o
 .gnu.attributes
                0x00000100       0x10 build/default/production/drivers/PmodOLED.o
 .gnu.attributes
                0x00000110       0x10 build/default/production/drivers/PmodSSD.o
 .gnu.attributes
                0x00000120       0x10 build/default/production/drivers/PmodTMP3.o
 .gnu.attributes
                0x00000130       0x10 build/default/production/drivers/scope.o
 .gnu.attributes
                0x00000140       0x10 build/default/production/drivers/servo.o
 .gnu.attributes
                0x00000150       0x10 build/default/production/drivers/PmodLS1.o
 .gnu.attributes
                0x00000160       0x10 build/default/production/drivers/PmodIR_Range.o
 .gnu.attributes
                0x00000170       0x10 build/default/production/drivers/PmodJSTK.o
 .gnu.attributes
                0x00000180       0x10 build/default/production/sources/main.o
 .gnu.attributes
                0x00000190       0x10 ./plib/pic32mx/lib/libmchp_peripheral_32MX460F512L.a(int_enable_interrupts_lib.o)
 .gnu.attributes
                0x000001a0       0x10 ./plib/pic32mx/lib/libmchp_peripheral_32MX460F512L.a(int_enable_mv_int_lib.o)
 .gnu.attributes
                0x000001b0       0x10 ./plib/pic32mx/lib/libmchp_peripheral_32MX460F512L.a(int_tbl_lib.o)
 .gnu.attributes
                0x000001c0       0x10 ./plib/pic32mx/lib/libmchp_peripheral_32MX460F512L.a(read_capture2_lib.o)
 .gnu.attributes