Microchip MPLAB XC8 Compiler V1.33 ()

Linker command line:

--edf=/Applications/microchip/xc8/v1.33/dat/en_msgs.txt -cs \
  -h+dist/default/production/hw_test_18f2321_screen_accelero_motor.X.production.sym \
  --cmf=dist/default/production/hw_test_18f2321_screen_accelero_motor.X.production.cmf \
  -z -Q18F2321 -o/tmp/cgtxmCcTs \
  -Mdist/default/production/hw_test_18f2321_screen_accelero_motor.X.production.map \
  -E1 -ver=XC8 -ASTACK=08Ch-01ffh -pstack=STACK -ACODE=00h-01FFFh \
  -ACONST=00h-01FFFh -ASMALLCONST=0200h-02FFhx30 -AMEDIUMCONST=0200h-01FFFh \
  -ACOMRAM=01h-07Fh -AABS1=00h-01FFh -ABIGRAM=01h-01FFh \
  -ARAM=080h-0FFh,0100h-01FFh -ABANK0=080h-0FFh -ABANK1=0100h-01FFh \
  -ASFR=0F80h-0FFFh \
  -preset_vec=00h,intcode=08h,intcodelo=018h,powerup,init,end_init \
  -pramtop=0200h -psmallconst=SMALLCONST -pmediumconst=MEDIUMCONST \
  -pconst=CONST -AFARRAM=00h-00h -ACONFIG=0300000h-030000Dh -pconfig=CONFIG \
  -AIDLOC=0200000h-0200007h -pidloc=IDLOC -AEEDATA=0F00000h-0F000FFh \
  -peeprom_data=EEDATA \
  -prdata=COMRAM,nvrram=COMRAM,nvbit=COMRAM,rbss=COMRAM,rbit=COMRAM \
  -pfarbss=FARRAM,fardata=FARRAM,nvFARRAM=FARRAM \
  -pintsave_regs=BIGRAM,bigbss=BIGRAM,bigdata=BIGRAM -pbss=RAM \
  -pidata=CODE,irdata=CODE,ibigdata=CODE,ifardata=CODE /tmp/cgtqj9k2b.obj \
  dist/default/production/hw_test_18f2321_screen_accelero_motor.X.production.obj 

Object code version is 3.11

Machine type is 18F2321

Call graph: (short form)




                Name                               Link     Load   Length Selector   Space Scale
/tmp/cgtqj9k2b.obj
                end_init                             B4       B4        4        C       0
                reset_vec                             0        0        4        0       0
                idloc                            200000   200000        8   200000       0
                config                           300000   300000        E   300000       0
dist/default/production/hw_test_18f2321_screen_accelero_motor.X.production.obj
                intcodelo                            18       18       9C        C       0
                intcode                               8        8       10        4       0
                smallconst                          200      200       2C      100       0
                text23                              914      914        4      438       0
                intcode_body                        5FC      5FC       6C      116       0
                text21                              910      910        4      438       0
                text19                              826      826       26      116       0
                text18                              8AA      8AA       14      438       0
                text17                              890      890       1A      438       0
                text16                              8FA      8FA        A      438       0
                text15                              904      904        8      438       0
                text14                              8CE      8CE       10      438       0
                text13                              8BE      8BE       10      438       0
                text12                              790      790       40      116       0
                text11                              574      574       88      116       0
                text10                              704      704       4A      116       0
                text9                               6BA      6BA       4A      116       0
                text8                               90C      90C        4      438       0
                text7                               8EC      8EC        E      438       0
                text6                               8DE      8DE        E      438       0
                text5                               668      668       52      116       0
                text4                               74E      74E       42      116       0
                text3                               800      800       26      116       0
                text2                               870      870       20      438       0
                text1                               22C      22C      2AC      116       0
                text0                               4D8      4D8       9C      116       0
                cstackCOMRAM                          1        1       35        1       1
                cstackBANK0                          80       80        C       80       1
                dataCOMRAM                           36       36       23        1       1
                bssCOMRAM                            59       59        3        1       1
                cinit                               7D0      7D0       30      116       0
                idataCOMRAM                         84C      84C       23      116       0

TOTAL           Name                               Link     Load   Length     Space
        CLASS   STACK          

        CLASS   CODE           
                end_init                             B4       B4        4         0
                intcodelo                            18       18       9C         0
                intcode                               8        8       10         0
                reset_vec                             0        0        4         0
                text23                              914      914        4         0
                intcode_body                        5FC      5FC       6C         0
                text21                              910      910        4         0
                text19                              826      826       26         0
                text18                              8AA      8AA       14         0
                text17                              890      890       1A         0
                text16                              8FA      8FA        A         0
                text15                              904      904        8         0
                text14                              8CE      8CE       10         0
                text13                              8BE      8BE       10         0
                text12                              790      790       40         0
                text11                              574      574       88         0
                text10                              704      704       4A         0
                text9                               6BA      6BA       4A         0
                text8                               90C      90C        4         0
                text7                               8EC      8EC        E         0
                text6                               8DE      8DE        E         0
                text5                               668      668       52         0
                text4                               74E      74E       42         0
                text3                               800      800       26         0
                text2                               870      870       20         0
                text1                               22C      22C      2AC         0
                text0                               4D8      4D8       9C         0
                cinit                               7D0      7D0       30         0
                idataCOMRAM                         84C      84C       23         0

        CLASS   CONST          

        CLASS   SMALLCONST     
                smallconst                          200      200       2C         0

        CLASS   MEDIUMCONST    

        CLASS   COMRAM         
                cstackCOMRAM                          1        1       35         1
                dataCOMRAM                           36       36       23         1
                bssCOMRAM                            59       59        3         1

        CLASS   ABS1           

        CLASS   BIGRAM         

        CLASS   RAM            

        CLASS   BANK0          
                cstackBANK0                          80       80        C         1

        CLASS   BANK1          

        CLASS   SFR            

        CLASS   FARRAM         

        CLASS   CONFIG         
                config                           300000   300000        E         0

        CLASS   IDLOC          
                idloc                            200000   200000        8         0

        CLASS   EEDATA         



SEGMENTS        Name                           Load    Length   Top    Selector   Space  Class

                reset_vec                      000000  000004  000004         0       0  CODE    
                cstackCOMRAM                   000001  00005B  00005C         1       1  COMRAM  
                intcode                        000008  000010  000018         4       0  CODE    
                intcodelo                      000018  0000A0  0000B8         C       0  CODE    
                cstackBANK0                    000080  00000C  00008C        80       1  BANK0   
                smallconst                     000200  00002C  00022C       100       0  SMALLCON
                text1                          00022C  000643  00086F       116       0  CODE    
                text2                          000870  0000A8  000918       438       0  CODE    
                idloc                          200000  000008  200008    200000       0  IDLOC   
                config                         300000  00000E  30000E    300000       0  CONFIG  


UNUSED ADDRESS RANGES

        Name                Unused          Largest block    Delta
        BANK0            00008C-0000FF               74
        BANK1            000100-0001FF              100
        BIGRAM           00005C-00007F               24
                         00008C-0001FF              174
        CODE             000004-000007                4
                         0000B8-0001FF              148
                         00086F-00086F                1
                         000918-001FFF             16E8
        COMRAM           00005C-00007F               24
        CONST            000004-000007                4
                         0000B8-0001FF              148
                         00086F-00086F                1
                         000918-001FFF             16E8
        EEDATA           F00000-F000FF              100
        MEDIUMCONST      00086F-00086F                1
                         000918-001FFF             16E8
        RAM              00008C-0001FF               74
        SFR              000F80-000FFF               80
        SMALLCONST       00086F-00086F                1
                         000918-001FFF              100
        STACK            00008C-0001FF              174

                                  Symbol Table

?___lwdiv                             cstackCOMRAM 000020
?___lwmod                             cstackCOMRAM 000027
?___wmul                              cstackCOMRAM 000020
?_getAxy                              cstackCOMRAM 000020
?_sprintf                             cstackCOMRAM 00002C
Delay1KTCYx@unit                      cstackCOMRAM 000020
_ADCON0bits                           (abs)        000FC2
_ADCON1bits                           (abs)        000FC1
_ADCON2bits                           (abs)        000FC0
_ADRESH                               (abs)        000FC4
_ADRESL                               (abs)        000FC3
_Delay1KTCYx                          text13       0008BE
_INTCON2bits                          (abs)        000FF1
_INTCON3bits                          (abs)        000FF0
_INTCONbits                           (abs)        000FF2
_LATAbits                             (abs)        000F89
_LATC                                 (abs)        000F8B
_LATCbits                             (abs)        000F8B
_PORTBbits                            (abs)        000F81
_RCONbits                             (abs)        000FD0
_T0CON                                (abs)        000FD5
_TMR0H                                (abs)        000FD7
_TMR0L                                (abs)        000FD6
_TRISAbits                            (abs)        000F92
_TRISBbits                            (abs)        000F93
_TRISC                                (abs)        000F94
__CFG_LVP$OFF                         (abs)        000000
__CFG_MCLRE$OFF                       (abs)        000000
__CFG_OSC$XT                          (abs)        000000
__CFG_PBADEN$DIG                      (abs)        000000
__CFG_WDT$OFF                         (abs)        000000
__HRAM                                (abs)        000000
__Habs1                               abs1         000000
__Hbank0                              bank0        000000
__Hbank1                              bank1        000000
__Hbigbss                             bigbss       000000
__Hbigdata                            bigdata      000000
__Hbigram                             bigram       000000
__Hbss                                bss          000000
__HbssCOMRAM                          bssCOMRAM    000000
__Hcinit                              cinit        000000
__Hclrtext                            clrtext      000000
__Hcomram                             comram       000000
__Hconfig                             config       30000E
__Hconst                              const        000000
__HcstackBANK0                        cstackBANK0  000000
__HcstackCOMRAM                       cstackCOMRAM 000000
__Hdata                               data         000000
__HdataCOMRAM                         dataCOMRAM   000000
__Heeprom_data                        eeprom_data  000000
__Hend_init                           end_init     0000B8
__Hfarbss                             farbss       000000
__Hfardata                            fardata      000000
__Hibigdata                           ibigdata     000000
__Hidata                              idata        000000
__HidataCOMRAM                        idataCOMRAM  000000
__Hidloc                              idloc        200008
__Hifardata                           ifardata     000000
__Hinit                               init         0000B4
__Hintcode                            intcode      000018
__Hintcode_body                       intcode_body 000000
__Hintcodelo                          intcodelo    0000B4
__Hintentry                           intentry     000000
__Hintret                             intret       000000
__Hintsave_regs                       intsave_regs 000000
__Hirdata                             irdata       000000
__Hmediumconst                        mediumconst  000000
__HnvFARRAM                           nvFARRAM     000000
__Hnvbit                              nvbit        000000
__Hnvrram                             nvrram       000000
__Hparam                              rparam       000000
__Hpowerup                            powerup      0000B4
__Hram                                ram          000000
__Hramtop                             ramtop       000200
__Hrbit                               rbit         000000
__Hrbss                               rbss         000000
__Hrdata                              rdata        000000
__Hreset_vec                          reset_vec    000004
__Hrparam                             rparam       000000
__Hsfr                                sfr          000000
__Hsmallconst                         smallconst   00022C
__Hspace_0                            (abs)        30000E
__Hspace_1                            (abs)        00008C
__Hspace_2                            (abs)        000000
__Hstack                              stack        000000
__Hstruct                             struct       000000
__Htemp                               temp         000000
__Htext                               text         000000
__Htext0                              text0        000000
__Htext1                              text1        000000
__Htext10                             text10       000000
__Htext11                             text11       000000
__Htext12                             text12       000000
__Htext13                             text13       000000
__Htext14                             text14       000000
__Htext15                             text15       000000
__Htext16                             text16       000000
__Htext17                             text17       000000
__Htext18                             text18       000000
__Htext19                             text19       000000
__Htext2                              text2        000000
__Htext21                             text21       000000
__Htext23                             text23       000000
__Htext3                              text3        000000
__Htext4                              text4        000000
__Htext5                              text5        000000
__Htext6                              text6        000000
__Htext7                              text7        000000
__Htext8                              text8        000000
__Htext9                              text9        000000
__LRAM                                (abs)        000001
__Labs1                               abs1         000000
__Lbank0                              bank0        000000
__Lbank1                              bank1        000000
__Lbigbss                             bigbss       000000
__Lbigdata                            bigdata      000000
__Lbigram                             bigram       000000
__Lbss                                bss          000000
__LbssCOMRAM                          bssCOMRAM    000000
__Lcinit                              cinit        000000
__Lclrtext                            clrtext      000000
__Lcomram                             comram       000000
__Lconfig                             config       300000
__Lconst                              const        000000
__LcstackBANK0                        cstackBANK0  000000
__LcstackCOMRAM                       cstackCOMRAM 000000
__Ldata                               data         000000
__LdataCOMRAM                         dataCOMRAM   000000
__Leeprom_data                        eeprom_data  000000
__Lend_init                           end_init     0000B4
__Lfarbss                             farbss       000000
__Lfardata                            fardata      000000
__Libigdata                           ibigdata     000000
__Lidata                              idata        000000
__LidataCOMRAM                        idataCOMRAM  000000
__Lidloc                              idloc        200000
__Lifardata                           ifardata     000000
__Linit                               init         0000B4
__Lintcode                            intcode      000008
__Lintcode_body                       intcode_body 000000
__Lintcodelo                          intcodelo    000018
__Lintentry                           intentry     000000
__Lintret                             intret       000000
__Lintsave_regs                       intsave_regs 000000
__Lirdata                             irdata       000000
__Lmediumconst                        mediumconst  000000
__LnvFARRAM                           nvFARRAM     000000
__Lnvbit                              nvbit        000000
__Lnvrram                             nvrram       000000
__Lparam                              rparam       000000
__Lpowerup                            powerup      0000B4
__Lram                                ram          000000
__Lramtop                             ramtop       000200
__Lrbit                               rbit         000000
__Lrbss                               rbss         000000
__Lrdata                              rdata        000000
__Lreset_vec                          reset_vec    000000
__Lrparam                             rparam       000000
__Lsfr                                sfr          000000
__Lsmallconst                         smallconst   000200
__Lspace_0                            (abs)        000000
__Lspace_1                            (abs)        000000
__Lspace_2                            (abs)        000000
__Lstack                              stack        000000
__Lstruct                             struct       000000
__Ltemp                               temp         000000
__Ltext                               text         000000
__Ltext0                              text0        000000
__Ltext1                              text1        000000
__Ltext10                             text10       000000
__Ltext11                             text11       000000
__Ltext12                             text12       000000
__Ltext13                             text13       000000
__Ltext14                             text14       000000
__Ltext15                             text15       000000
__Ltext16                             text16       000000
__Ltext17                             text17       000000
__Ltext18                             text18       000000
__Ltext19                             text19       000000
__Ltext2                              text2        000000
__Ltext21                             text21       000000
__Ltext23                             text23       000000
__Ltext3                              text3        000000
__Ltext4                              text4        000000
__Ltext5                              text5        000000
__Ltext6                              text6        000000
__Ltext7                              text7        000000
__Ltext8                              text8        000000
__Ltext9                              text9        000000
__S0                                  (abs)        30000E
__S1                                  (abs)        00008C
__S2                                  (abs)        000000
___inthi_sp                           stack        000000
___intlo_sp                           stack        000000
___lwdiv                              text5        000668
___lwdiv@counter                      cstackCOMRAM 000026
___lwdiv@dividend                     cstackCOMRAM 000020
___lwdiv@divisor                      cstackCOMRAM 000022
___lwdiv@quotient                     cstackCOMRAM 000024
___lwmod                              text4        00074E
___lwmod@counter                      cstackCOMRAM 00002B
___lwmod@dividend                     cstackCOMRAM 000027
___lwmod@divisor                      cstackCOMRAM 000029
___sp                                 stack        000000
___wmul                               text3        000800
___wmul@multiplicand                  cstackCOMRAM 000022
___wmul@multiplier                    cstackCOMRAM 000020
___wmul@product                       cstackCOMRAM 000024
__accesstop                           (abs)        000080
__activetblptr                        (abs)        000002
__end_of_Delay1KTCYx                  text13       0008CE
__end_of___lwdiv                      text5        0006BA
__end_of___lwmod                      text4        000790
__end_of___wmul                       text3        000826
__end_of__initialization              cinit        0007F6
__end_of__stringdata                  smallconst   00022B
__end_of_adc_init                     text19       00084C
__end_of_buttonInterruptEnable        text18       0008BE
__end_of_clearButtonInterruptRequest  text21       000914
__end_of_clearSensorInterruptRequest  text23       000918
__end_of_dpowers                      smallconst   00020B
__end_of_getAxy                       text17       0008AA
__end_of_hpInterrupt                  intcode_body 000668
__end_of_init                         text16       000904
__end_of_interruptEnable              text15       00090C
__end_of_isdigit                      text2        000890
__end_of_lcd_init                     text11       0005FC
__end_of_lcd_putchar4b                text10       00074E
__end_of_lcd_putcmd                   text14       0008DE
__end_of_lcd_putcmd4b                 text12       0007D0
__end_of_lcd_write                    text9        000704
__end_of_lpInterrupt                  intcodelo    0000B4
__end_of_main                         text0        000574
__end_of_sensorInterruptEnable        text8        000910
__end_of_setLedG                      text7        0008FA
__end_of_setLedR                      text6        0008EC
__end_of_sprintf                      text1        0004D8
__initialization                      cinit        0007D0
__mediumconst                         mediumconst  000000
__pbssCOMRAM                          bssCOMRAM    000059
__pcinit                              cinit        0007D0
__pcstackBANK0                        cstackBANK0  000080
__pcstackCOMRAM                       cstackCOMRAM 000001
__pdataCOMRAM                         dataCOMRAM   000036
__pidataCOMRAM                        idataCOMRAM  00084C
__pintcode                            intcode      000008
__pintcode_body                       intcode_body 0005FC
__pintcodelo                          intcodelo    000018
__psmallconst                         smallconst   000200
__ptext0                              text0        0004D8
__ptext1                              text1        00022C
__ptext10                             text10       000704
__ptext11                             text11       000574
__ptext12                             text12       000790
__ptext13                             text13       0008BE
__ptext14                             text14       0008CE
__ptext15                             text15       000904
__ptext16                             text16       0008FA
__ptext17                             text17       000890
__ptext18                             text18       0008AA
__ptext19                             text19       000826
__ptext2                              text2        000870
__ptext21                             text21       000910
__ptext23                             text23       000914
__ptext3                              text3        000800
__ptext4                              text4        00074E
__ptext5                              text5        000668
__ptext6                              text6        0008DE
__ptext7                              text7        0008EC
__ptext8                              text8        00090C
__ptext9                              text9        0006BA
__ramtop                              ramtop       000200
__size_of_Delay1KTCYx                 (abs)        000000
__size_of___lwdiv                     (abs)        000000
__size_of___lwmod                     (abs)        000000
__size_of___wmul                      (abs)        000000
__size_of_adc_init                    (abs)        000000
__size_of_buttonInterruptEnable       (abs)        000000
__size_of_clearButtonInterruptRequest (abs)        000000
__size_of_clearSensorInterruptRequest (abs)        000000
__size_of_getAxy                      (abs)        000000
__size_of_hpInterrupt                 (abs)        000000
__size_of_init                        (abs)        000000
__size_of_interruptEnable             (abs)        000000
__size_of_isdigit                     (abs)        000000
__size_of_lcd_init                    (abs)        000000
__size_of_lcd_putchar4b               (abs)        000000
__size_of_lcd_putcmd                  (abs)        000000
__size_of_lcd_putcmd4b                (abs)        000000
__size_of_lcd_write                   (abs)        000000
__size_of_lpInterrupt                 (abs)        000000
__size_of_main                        (abs)        000000
__size_of_sensorInterruptEnable       (abs)        000000
__size_of_setLedG                     (abs)        000000
__size_of_setLedR                     (abs)        000000
__size_of_sprintf                     (abs)        000000
__smallconst                          smallconst   000200
__stringdata                          smallconst   00020B
_acceleration                         dataCOMRAM   000037
_adc_init                             text19       000826
_ax                                   bssCOMRAM    000059
_buttonInterruptEnable                text18       0008AA
_clearButtonInterruptRequest          text21       000910
_clearSensorInterruptRequest          text23       000914
_count                                bssCOMRAM    00005B
_countStr                             dataCOMRAM   000048
_dpowers                              smallconst   000201
_getAxy                               text17       000890
_hpInterrupt                          intcode      000008
_init                                 text16       0008FA
_interruptEnable                      text15       000904
_isdigit                              text2        000870
_isdigit$1302                         cstackCOMRAM 000021
_lcd_init                             text11       000574
_lcd_putchar4b                        text10       000704
_lcd_putcmd                           text14       0008CE
_lcd_putcmd4b                         text12       000790
_lcd_write                            text9        0006BA
_lpInterrupt                          intcodelo    000018
_main                                 text0        0004D8
_out                                  dataCOMRAM   000036
_sensorInterruptEnable                text8        00090C
_setLedG                              text7        0008EC
_setLedR                              text6        0008DE
_sprintf                              text1        00022C
buttonInterruptEnable@priority        cstackCOMRAM 000020
end_of_initialization                 cinit        0007F6
int_func                              intcode_body 0005FC
intlevel0                             text         000000
intlevel1                             text         000000
intlevel2                             text         000000
intlevel3                             text         000000
isdigit@c                             cstackCOMRAM 000022
lcd_putchar4b@c                       cstackCOMRAM 000022
lcd_putcmd4b@c                        cstackCOMRAM 000022
lcd_putcmd@c                          cstackCOMRAM 000020
lcd_write@c                           cstackCOMRAM 000023
lcd_write@i                           cstackCOMRAM 000026
lcd_write@line                        cstackCOMRAM 000025
setLedG@x                             cstackCOMRAM 000020
setLedR@x                             cstackCOMRAM 000020
sprintf@_val                          cstackBANK0  000084
sprintf@ap                            cstackBANK0  000080
sprintf@c                             cstackBANK0  00008B
sprintf@f                             cstackCOMRAM 00002E
sprintf@flag                          cstackBANK0  000083
sprintf@prec                          cstackBANK0  000082
sprintf@sp                            cstackCOMRAM 00002C
sprintf@width                         cstackBANK0  000089
stackhi                               (abs)        0001FF
stacklo                               (abs)        00008C
start                                 init         0000B4
start_initialization                  cinit        0007D0


FUNCTION INFORMATION:

 *************** function _main *****************
 Defined at:
		line 12 in file "main.c"
 Parameters:    Size  Location     Type
		None
 Auto vars:     Size  Location     Type
		None
 Return value:  Size  Location     Type
		None               void
 Registers used:
		wreg, fsr2l, fsr2h, status,2, status,0, tblptrl, tblptrh, tblptru, prodl, prodh, cstack
 Tracked objects:
		On entry : 
		On exit  : 
		Unchanged: 
 Data sizes:     COMRAM   BANK0   BANK1
      Params:         0       0       0
      Locals:         0       0       0
      Temps:          0       0       0
      Totals:         0       0       0
Total ram usage:        0 bytes
 Hardware stack levels required when called:    7
 This function calls:
		_adc_init
		_buttonInterruptEnable
		_getAxy
		_init
		_interruptEnable
		_lcd_init
		_lcd_write
		_sensorInterruptEnable
		_setLedG
		_setLedR
		_sprintf
 This function is called by:
		Startup code after reset
 This function uses a non-reentrant model


 *************** function _sprintf *****************
 Defined at:
		line 492 in file "/Applications/microchip/xc8/v1.33/sources/common/doprnt.c"
 Parameters:    Size  Location     Type
  sp              2   43[COMRAM] PTR unsigned char 
		 -> countStr(17), acceleration(17), 
  f               2   45[COMRAM] PTR const unsigned char 
		 -> STR_2(16), STR_1(16), 
 Auto vars:     Size  Location     Type
  _val            5    4[BANK0 ] struct .
  width           2    9[BANK0 ] int 
  ap              2    0[BANK0 ] PTR void [1]
		 -> ?_sprintf(2), 
  c               1   11[BANK0 ] char 
  flag            1    3[BANK0 ] unsigned char 
  prec            1    2[BANK0 ] char 
 Return value:  Size  Location     Type
                  2   43[COMRAM] int 
 Registers used:
		wreg, fsr2l, fsr2h, status,2, status,0, tblptrl, tblptrh, tblptru, prodl, prodh, cstack
 Tracked objects:
		On entry : 
		On exit  : 
		Unchanged: 
 Data sizes:     COMRAM   BANK0   BANK1
      Params:         6       0       0
      Locals:         0      12       0
      Temps:          4       0       0
      Totals:        10      12       0
Total ram usage:       22 bytes
 Hardware stack levels used:    1
 Hardware stack levels required when called:    5
 This function calls:
		___lwdiv
		___lwmod
		___wmul
		_isdigit
 This function is called by:
		_main
 This function uses a non-reentrant model


 *************** function _isdigit *****************
 Defined at:
		line 8 in file "/Applications/microchip/xc8/v1.33/sources/common/isdigit.c"
 Parameters:    Size  Location     Type
  c               1    wreg     unsigned char 
 Auto vars:     Size  Location     Type
  c               1   33[COMRAM] unsigned char 
 Return value:  Size  Location     Type
		None               void
 Registers used:
		wreg, status,2, status,0
 Tracked objects:
		On entry : 
		On exit  : 
		Unchanged: 
 Data sizes:     COMRAM   BANK0   BANK1
      Params:         0       0       0
      Locals:         2       0       0
      Temps:          1       0       0
      Totals:         3       0       0
Total ram usage:        3 bytes
 Hardware stack levels used:    1
 Hardware stack levels required when called:    4
 This function calls:
		Nothing
 This function is called by:
		_sprintf
 This function uses a non-reentrant model


 *************** function ___wmul *****************
 Defined at:
		line 15 in file "/Applications/microchip/xc8/v1.33/sources/common/Umul16.c"
 Parameters:    Size  Location     Type
  multiplier      2   31[COMRAM] unsigned int 
  multiplicand    2   33[COMRAM] unsigned int 
 Auto vars:     Size  Location     Type
  product         2   35[COMRAM] unsigned int 
 Return value:  Size  Location     Type
                  2   31[COMRAM] unsigned int 
 Registers used:
		wreg, status,2, status,0, prodl, prodh
 Tracked objects:
		On entry : 
		On exit  : 
		Unchanged: 
 Data sizes:     COMRAM   BANK0   BANK1
      Params:         4       0       0
      Locals:         2       0       0
      Temps:          0       0       0
      Totals:         6       0       0
Total ram usage:        6 bytes
 Hardware stack levels used:    1
 Hardware stack levels required when called:    4
 This function calls:
		Nothing
 This function is called by:
		_sprintf
 This function uses a non-reentrant model


 *************** function ___lwmod *****************
 Defined at:
		line 8 in file "/Applications/microchip/xc8/v1.33/sources/common/lwmod.c"
 Parameters:    Size  Location     Type
  dividend        2   38[COMRAM] unsigned int 
  divisor         2   40[COMRAM] unsigned int 
 Auto vars:     Size  Location     Type
  counter         1   42[COMRAM] unsigned char 
 Return value:  Size  Location     Type
                  2   38[COMRAM] unsigned int 
 Registers used:
		wreg, status,2, status,0
 Tracked objects:
		On entry : 
		On exit  : 
		Unchanged: 
 Data sizes:     COMRAM   BANK0   BANK1
      Params:         4       0       0
      Locals:         1       0       0
      Temps:          0       0       0
      Totals:         5       0       0
Total ram usage:        5 bytes
 Hardware stack levels used:    1
 Hardware stack levels required when called:    4
 This function calls:
		Nothing
 This function is called by:
		_sprintf
 This function uses a non-reentrant model


 *************** function ___lwdiv *****************
 Defined at:
		line 8 in file "/Applications/microchip/xc8/v1.33/sources/common/lwdiv.c"
 Parameters:    Size  Location     Type
  dividend        2   31[COMRAM] unsigned int 
  divisor         2   33[COMRAM] unsigned int 
 Auto vars:     Size  Location     Type
  quotient        2   35[COMRAM] unsigned int 
  counter         1   37[COMRAM] unsigned char 
 Return value:  Size  Location     Type
                  2   31[COMRAM] unsigned int 
 Registers used:
		wreg, status,2, status,0
 Tracked objects:
		On entry : 
		On exit  : 
		Unchanged: 
 Data sizes:     COMRAM   BANK0   BANK1
      Params:         4       0       0
      Locals:         3       0       0
      Temps:          0       0       0
      Totals:         7       0       0
Total ram usage:        7 bytes
 Hardware stack levels used:    1
 Hardware stack levels required when called:    4
 This function calls:
		Nothing
 This function is called by:
		_sprintf
 This function uses a non-reentrant model


 *************** function _setLedR *****************
 Defined at:
		line 68 in file "drivers.c"
 Parameters:    Size  Location     Type
  x               1    wreg     unsigned char 
 Auto vars:     Size  Location     Type
  x               1   31[COMRAM] unsigned char 
 Return value:  Size  Location     Type
		None               void
 Registers used:
		wreg
 Tracked objects:
		On entry : 
		On exit  : 
		Unchanged: 
 Data sizes:     COMRAM   BANK0   BANK1
      Params:         0       0       0
      Locals:         1       0       0
      Temps:          0       0       0
      Totals:         1       0       0
Total ram usage:        1 bytes
 Hardware stack levels used:    1
 Hardware stack levels required when called:    4
 This function calls:
		Nothing
 This function is called by:
		_main
 This function uses a non-reentrant model


 *************** function _setLedG *****************
 Defined at:
		line 64 in file "drivers.c"
 Parameters:    Size  Location     Type
  x               1    wreg     unsigned char 
 Auto vars:     Size  Location     Type
  x               1   31[COMRAM] unsigned char 
 Return value:  Size  Location     Type
		None               void
 Registers used:
		wreg
 Tracked objects:
		On entry : 
		On exit  : 
		Unchanged: 
 Data sizes:     COMRAM   BANK0   BANK1
      Params:         0       0       0
      Locals:         1       0       0
      Temps:          0       0       0
      Totals:         1       0       0
Total ram usage:        1 bytes
 Hardware stack levels used:    1
 Hardware stack levels required when called:    4
 This function calls:
		Nothing
 This function is called by:
		_main
 This function uses a non-reentrant model


 *************** function _sensorInterruptEnable *****************
 Defined at:
		line 80 in file "drivers.c"
 Parameters:    Size  Location     Type
		None
 Auto vars:     Size  Location     Type
		None
 Return value:  Size  Location     Type
		None               void
 Registers used:
		None
 Tracked objects:
		On entry : 
		On exit  : 
		Unchanged: 
 Data sizes:     COMRAM   BANK0   BANK1
      Params:         0       0       0
      Locals:         0       0       0
      Temps:          0       0       0
      Totals:         0       0       0
Total ram usage:        0 bytes
 Hardware stack levels used:    1
 Hardware stack levels required when called:    4
 This function calls:
		Nothing
 This function is called by:
		_main
 This function uses a non-reentrant model


 *************** function _lcd_write *****************
 Defined at:
		line 101 in file "lcd.c"
 Parameters:    Size  Location     Type
  c               2   34[COMRAM] PTR unsigned char 
		 -> countStr(17), acceleration(17), 
  line            1   36[COMRAM] unsigned char 
 Auto vars:     Size  Location     Type
  i               1   37[COMRAM] unsigned char 
 Return value:  Size  Location     Type
		None               void
 Registers used:
		wreg, fsr2l, fsr2h, status,2, status,0, prodl, prodh, cstack
 Tracked objects:
		On entry : 
		On exit  : 
		Unchanged: 
 Data sizes:     COMRAM   BANK0   BANK1
      Params:         3       0       0
      Locals:         1       0       0
      Temps:          0       0       0
      Totals:         4       0       0
Total ram usage:        4 bytes
 Hardware stack levels used:    1
 Hardware stack levels required when called:    6
 This function calls:
		_Delay1KTCYx
		_lcd_putchar4b
		_lcd_putcmd4b
 This function is called by:
		_main
 This function uses a non-reentrant model


 *************** function _lcd_putchar4b *****************
 Defined at:
		line 66 in file "lcd.c"
 Parameters:    Size  Location     Type
  c               1    wreg     unsigned char 
 Auto vars:     Size  Location     Type
  c               1   33[COMRAM] unsigned char 
 Return value:  Size  Location     Type
		None               void
 Registers used:
		wreg, status,2, status,0, cstack
 Tracked objects:
		On entry : 
		On exit  : 
		Unchanged: 
 Data sizes:     COMRAM   BANK0   BANK1
      Params:         0       0       0
      Locals:         1       0       0
      Temps:          1       0       0
      Totals:         2       0       0
Total ram usage:        2 bytes
 Hardware stack levels used:    1
 Hardware stack levels required when called:    5
 This function calls:
		_Delay1KTCYx
 This function is called by:
		_lcd_write
 This function uses a non-reentrant model


 *************** function _lcd_init *****************
 Defined at:
		line 31 in file "lcd.c"
 Parameters:    Size  Location     Type
		None
 Auto vars:     Size  Location     Type
		None
 Return value:  Size  Location     Type
		None               void
 Registers used:
		wreg, status,2, status,0, cstack
 Tracked objects:
		On entry : 
		On exit  : 
		Unchanged: 
 Data sizes:     COMRAM   BANK0   BANK1
      Params:         0       0       0
      Locals:         0       0       0
      Temps:          0       0       0
      Totals:         0       0       0
Total ram usage:        0 bytes
 Hardware stack levels used:    1
 Hardware stack levels required when called:    6
 This function calls:
		_Delay1KTCYx
		_lcd_putcmd
		_lcd_putcmd4b
 This function is called by:
		_main
 This function uses a non-reentrant model


 *************** function _lcd_putcmd4b *****************
 Defined at:
		line 16 in file "lcd.c"
 Parameters:    Size  Location     Type
  c               1    wreg     unsigned char 
 Auto vars:     Size  Location     Type
  c               1   33[COMRAM] unsigned char 
 Return value:  Size  Location     Type
		None               void
 Registers used:
		wreg, status,2, status,0, cstack
 Tracked objects:
		On entry : 
		On exit  : 
		Unchanged: 
 Data sizes:     COMRAM   BANK0   BANK1
      Params:         0       0       0
      Locals:         1       0       0
      Temps:          1       0       0
      Totals:         2       0       0
Total ram usage:        2 bytes
 Hardware stack levels used:    1
 Hardware stack levels required when called:    5
 This function calls:
		_Delay1KTCYx
 This function is called by:
		_lcd_init
		_lcd_write
		_lcd_clear
 This function uses a non-reentrant model


 *************** function _Delay1KTCYx *****************
 Defined at:
		line 8 in file "/Applications/microchip/xc8/v1.33/sources/pic18/d1ktcyx.c"
 Parameters:    Size  Location     Type
  unit            1    wreg     unsigned char 
 Auto vars:     Size  Location     Type
  unit            1   31[COMRAM] unsigned char 
 Return value:  Size  Location     Type
		None               void
 Registers used:
		wreg
 Tracked objects:
		On entry : 
		On exit  : 
		Unchanged: 
 Data sizes:     COMRAM   BANK0   BANK1
      Params:         0       0       0
      Locals:         1       0       0
      Temps:          0       0       0
      Totals:         1       0       0
Total ram usage:        1 bytes
 Hardware stack levels used:    1
 Hardware stack levels required when called:    4
 This function calls:
		Nothing
 This function is called by:
		_lcd_putcmd4b
		_lcd_init
		_lcd_putchar4b
		_lcd_write
		_lcd_putchar
		_lcd_clear
 This function uses a non-reentrant model


 *************** function _lcd_putcmd *****************
 Defined at:
		line 7 in file "lcd.c"
 Parameters:    Size  Location     Type
  c               1    wreg     unsigned char 
 Auto vars:     Size  Location     Type
  c               1   31[COMRAM] unsigned char 
 Return value:  Size  Location     Type
		None               void
 Registers used:
		wreg
 Tracked objects:
		On entry : 
		On exit  : 
		Unchanged: 
 Data sizes:     COMRAM   BANK0   BANK1
      Params:         0       0       0
      Locals:         1       0       0
      Temps:          0       0       0
      Totals:         1       0       0
Total ram usage:        1 bytes
 Hardware stack levels used:    1
 Hardware stack levels required when called:    4
 This function calls:
		Nothing
 This function is called by:
		_lcd_init
 This function uses a non-reentrant model


 *************** function _interruptEnable *****************
 Defined at:
		line 10 in file "drivers.c"
 Parameters:    Size  Location     Type
		None
 Auto vars:     Size  Location     Type
		None
 Return value:  Size  Location     Type
		None               void
 Registers used:
		None
 Tracked objects:
		On entry : 
		On exit  : 
		Unchanged: 
 Data sizes:     COMRAM   BANK0   BANK1
      Params:         0       0       0
      Locals:         0       0       0
      Temps:          0       0       0
      Totals:         0       0       0
Total ram usage:        0 bytes
 Hardware stack levels used:    1
 Hardware stack levels required when called:    4
 This function calls:
		Nothing
 This function is called by:
		_main
 This function uses a non-reentrant model


 *************** function _init *****************
 Defined at:
		line 3 in file "drivers.c"
 Parameters:    Size  Location     Type
		None
 Auto vars:     Size  Location     Type
		None
 Return value:  Size  Location     Type
		None               void
 Registers used:
		None
 Tracked objects:
		On entry : 
		On exit  : 
		Unchanged: 
 Data sizes:     COMRAM   BANK0   BANK1
      Params:         0       0       0
      Locals:         0       0       0
      Temps:          0       0       0
      Totals:         0       0       0
Total ram usage:        0 bytes
 Hardware stack levels used:    1
 Hardware stack levels required when called:    4
 This function calls:
		Nothing
 This function is called by:
		_main
 This function uses a non-reentrant model


 *************** function _getAxy *****************
 Defined at:
		line 27 in file "adc.c"
 Parameters:    Size  Location     Type
		None
 Auto vars:     Size  Location     Type
		None
 Return value:  Size  Location     Type
                  2   31[COMRAM] int 
 Registers used:
		wreg, status,2, status,0
 Tracked objects:
		On entry : 
		On exit  : 
		Unchanged: 
 Data sizes:     COMRAM   BANK0   BANK1
      Params:         2       0       0
      Locals:         0       0       0
      Temps:          0       0       0
      Totals:         2       0       0
Total ram usage:        2 bytes
 Hardware stack levels used:    1
 Hardware stack levels required when called:    4
 This function calls:
		Nothing
 This function is called by:
		_main
 This function uses a non-reentrant model


 *************** function _buttonInterruptEnable *****************
 Defined at:
		line 26 in file "drivers.c"
 Parameters:    Size  Location     Type
  priority        1    wreg     unsigned char 
 Auto vars:     Size  Location     Type
  priority        1   31[COMRAM] unsigned char 
 Return value:  Size  Location     Type
		None               void
 Registers used:
		wreg
 Tracked objects:
		On entry : 
		On exit  : 
		Unchanged: 
 Data sizes:     COMRAM   BANK0   BANK1
      Params:         0       0       0
      Locals:         1       0       0
      Temps:          0       0       0
      Totals:         1       0       0
Total ram usage:        1 bytes
 Hardware stack levels used:    1
 Hardware stack levels required when called:    4
 This function calls:
		Nothing
 This function is called by:
		_main
 This function uses a non-reentrant model


 *************** function _adc_init *****************
 Defined at:
		line 4 in file "adc.c"
 Parameters:    Size  Location     Type
		None
 Auto vars:     Size  Location     Type
		None
 Return value:  Size  Location     Type
		None               void
 Registers used:
		wreg, status,2
 Tracked objects:
		On entry : 
		On exit  : 
		Unchanged: 
 Data sizes:     COMRAM   BANK0   BANK1
      Params:         0       0       0
      Locals:         0       0       0
      Temps:          0       0       0
      Totals:         0       0       0
Total ram usage:        0 bytes
 Hardware stack levels used:    1
 Hardware stack levels required when called:    4
 This function calls:
		Nothing
 This function is called by:
		_main
 This function uses a non-reentrant model


 *************** function _lpInterrupt *****************
 Defined at:
		line 45 in file "main.c"
 Parameters:    Size  Location     Type
		None
 Auto vars:     Size  Location     Type
		None
 Return value:  Size  Location     Type
		None               void
 Registers used:
		wreg, status,2, status,0, cstack
 Tracked objects:
		On entry : 
		On exit  : 
		Unchanged: 
 Data sizes:     COMRAM   BANK0   BANK1
      Params:         0       0       0
      Locals:         0       0       0
      Temps:         17       0       0
      Totals:        17       0       0
Total ram usage:       17 bytes
 Hardware stack levels used:    1
 Hardware stack levels required when called:    3
 This function calls:
		_clearButtonInterruptRequest
 This function is called by:
		Interrupt level 1
 This function uses a non-reentrant model


 *************** function _clearButtonInterruptRequest *****************
 Defined at:
		line 37 in file "drivers.c"
 Parameters:    Size  Location     Type
		None
 Auto vars:     Size  Location     Type
		None
 Return value:  Size  Location     Type
		None               void
 Registers used:
		None
 Tracked objects:
		On entry : 
		On exit  : 
		Unchanged: 
 Data sizes:     COMRAM   BANK0   BANK1
      Params:         0       0       0
      Locals:         0       0       0
      Temps:          0       0       0
      Totals:         0       0       0
Total ram usage:        0 bytes
 Hardware stack levels used:    1
 Hardware stack levels required when called:    2
 This function calls:
		Nothing
 This function is called by:
		_lpInterrupt
 This function uses a non-reentrant model


 *************** function _hpInterrupt *****************
 Defined at:
		line 37 in file "main.c"
 Parameters:    Size  Location     Type
		None
 Auto vars:     Size  Location     Type
		None
 Return value:  Size  Location     Type
		None               void
 Registers used:
		status,2, status,0, cstack
 Tracked objects:
		On entry : 
		On exit  : 
		Unchanged: 
 Data sizes:     COMRAM   BANK0   BANK1
      Params:         0       0       0
      Locals:         0       0       0
      Temps:         14       0       0
      Totals:        14       0       0
Total ram usage:       14 bytes
 Hardware stack levels used:    1
 Hardware stack levels required when called:    1
 This function calls:
		_clearSensorInterruptRequest
 This function is called by:
		Interrupt level 2
 This function uses a non-reentrant model


 *************** function _clearSensorInterruptRequest *****************
 Defined at:
		line 76 in file "drivers.c"
 Parameters:    Size  Location     Type
		None
 Auto vars:     Size  Location     Type
		None
 Return value:  Size  Location     Type
		None               void
 Registers used:
		None
 Tracked objects:
		On entry : 
		On exit  : 
		Unchanged: 
 Data sizes:     COMRAM   BANK0   BANK1
      Params:         0       0       0
      Locals:         0       0       0
      Temps:          0       0       0
      Totals:         0       0       0
Total ram usage:        0 bytes
 Hardware stack levels used:    1
 This function calls:
		Nothing
 This function is called by:
		_hpInterrupt
 This function uses a non-reentrant model



MODULE INFORMATION

Module		Function		Class		Link	Load	Size
drivers.c
		_init          		CODE           	08FA	0000	10
		_interruptEnabl		CODE           	0904	0000	8
		_clearSensorInt		CODE           	0914	0000	4
		_setLedR       		CODE           	08DE	0000	14
		_clearButtonInt		CODE           	0910	0000	4
		_setLedG       		CODE           	08EC	0000	14
		_sensorInterrup		CODE           	090C	0000	4
		_buttonInterrup		CODE           	08AA	0000	20

drivers.c estimated size: 78

/Applications/microchip/xc8/v1.33/sources/pic18/d1ktcyx.c
		_Delay1KTCYx   		CODE           	08BE	0000	16

/Applications/microchip/xc8/v1.33/sources/pic18/d1ktcyx.c estimated size: 16

/Applications/microchip/xc8/v1.33/sources/common/doprnt.c
		_sprintf       		CODE           	022C	0000	684

/Applications/microchip/xc8/v1.33/sources/common/doprnt.c estimated size: 684

/Applications/microchip/xc8/v1.33/sources/common/lwdiv.c
		___lwdiv       		CODE           	0668	0000	82

/Applications/microchip/xc8/v1.33/sources/common/lwdiv.c estimated size: 82

/Applications/microchip/xc8/v1.33/sources/common/Umul16.c
		___wmul        		CODE           	0800	0000	38

/Applications/microchip/xc8/v1.33/sources/common/Umul16.c estimated size: 38

adc.c
		_getAxy        		CODE           	0890	0000	26
		_adc_init      		CODE           	0826	0000	38

adc.c estimated size: 64

/Applications/microchip/xc8/v1.33/sources/common/isdigit.c
		_isdigit       		CODE           	0870	0000	32

/Applications/microchip/xc8/v1.33/sources/common/isdigit.c estimated size: 32

shared
		__stringdata   		SMALLCONST     	020B	0000	32
		_dpowers       		SMALLCONST     	0201	0000	10
		__initializatio		CODE           	07D0	0000	38

shared estimated size: 80

lcd.c
		_lcd_putcmd    		CODE           	08CE	0000	16
		_lcd_putcmd4b  		CODE           	0790	0000	64
		_lcd_putchar4b 		CODE           	0704	0000	74
		_lcd_write     		CODE           	06BA	0000	74
		_lcd_init      		CODE           	0574	0000	136

lcd.c estimated size: 364

/Applications/microchip/xc8/v1.33/sources/common/lwmod.c
		___lwmod       		CODE           	074E	0000	66

/Applications/microchip/xc8/v1.33/sources/common/lwmod.c estimated size: 66

main.c
		_main          		CODE           	04D8	0000	156
		_hpInterrupt   		CODE           	0008	0000	1632
		_lpInterrupt   		CODE           	0018	0000	156

main.c estimated size: 1944

